Archive member included to satisfy reference by file (symbol)

C:/NXP/S32DS_Power_v2017.R1/S32DS/e200_ewl2/lib/e200z4/fp\libc99.a(memcpy.o)
                              ./SDK/platform/drivers/src/pit/pit_driver.o (memcpy)
c:/nxp/s32ds_power_v2017.r1/cross_tools/powerpc-eabivle-4_9/bin/../lib/gcc/powerpc-eabivle/4.9.4/e200z4/fp\libgcc.a(_udivdi3.o)
                              ./SDK/platform/drivers/src/pit/pit_driver.o (__udivdi3)
c:/nxp/s32ds_power_v2017.r1/cross_tools/powerpc-eabivle-4_9/bin/../lib/gcc/powerpc-eabivle/4.9.4/e200z4/fp\libgcc.a(eabivle.o)
                              ./Sources/main.o (__eabi)

Discarded input sections

 .text          0x00000000        0x0 c:/nxp/s32ds_power_v2017.r1/cross_tools/powerpc-eabivle-4_9/bin/../lib/gcc/powerpc-eabivle/4.9.4/e200z4/fp/ecrti.o
 .data          0x00000000        0x0 c:/nxp/s32ds_power_v2017.r1/cross_tools/powerpc-eabivle-4_9/bin/../lib/gcc/powerpc-eabivle/4.9.4/e200z4/fp/ecrti.o
 .bss           0x00000000        0x0 c:/nxp/s32ds_power_v2017.r1/cross_tools/powerpc-eabivle-4_9/bin/../lib/gcc/powerpc-eabivle/4.9.4/e200z4/fp/ecrti.o
 .fixup         0x00000000        0x0 c:/nxp/s32ds_power_v2017.r1/cross_tools/powerpc-eabivle-4_9/bin/../lib/gcc/powerpc-eabivle/4.9.4/e200z4/fp/ecrti.o
 .sbss          0x00000000        0x0 c:/nxp/s32ds_power_v2017.r1/cross_tools/powerpc-eabivle-4_9/bin/../lib/gcc/powerpc-eabivle/4.9.4/e200z4/fp/ecrti.o
 .sbss2         0x00000000        0x0 c:/nxp/s32ds_power_v2017.r1/cross_tools/powerpc-eabivle-4_9/bin/../lib/gcc/powerpc-eabivle/4.9.4/e200z4/fp/ecrti.o
 .gcc_except_table
                0x00000000        0x0 c:/nxp/s32ds_power_v2017.r1/cross_tools/powerpc-eabivle-4_9/bin/../lib/gcc/powerpc-eabivle/4.9.4/e200z4/fp/ecrti.o
 .data          0x00000000        0x4 c:/nxp/s32ds_power_v2017.r1/cross_tools/powerpc-eabivle-4_9/bin/../lib/gcc/powerpc-eabivle/4.9.4/e200z4/fp/crtbegin.o
 .group         0x00000000        0x8 ./Sources/main.o
 .group         0x00000000        0x8 ./Sources/main.o
 .group         0x00000000        0x8 ./Sources/main.o
 .group         0x00000000        0x8 ./Sources/main.o
 .group         0x00000000        0x8 ./Sources/main.o
 .group         0x00000000        0x8 ./Sources/main.o
 .group         0x00000000        0x8 ./Sources/main.o
 .group         0x00000000        0x8 ./Sources/main.o
 .group         0x00000000        0x8 ./Sources/main.o
 .group         0x00000000        0x8 ./Sources/main.o
 .group         0x00000000        0x8 ./Sources/main.o
 .group         0x00000000        0x8 ./Sources/main.o
 .group         0x00000000        0x8 ./Sources/main.o
 .group         0x00000000        0x8 ./Sources/main.o
 .group         0x00000000        0x8 ./Sources/main.o
 .group         0x00000000        0x8 ./Sources/main.o
 .group         0x00000000        0x8 ./Sources/main.o
 .group         0x00000000        0x8 ./Sources/main.o
 .group         0x00000000        0x8 ./Sources/main.o
 .group         0x00000000        0x8 ./Sources/main.o
 .group         0x00000000        0x8 ./Sources/main.o
 .group         0x00000000        0x8 ./Sources/main.o
 .group         0x00000000        0x8 ./Sources/main.o
 .group         0x00000000        0x8 ./Sources/main.o
 .group         0x00000000        0x8 ./Sources/main.o
 .group         0x00000000        0x8 ./Sources/main.o
 .group         0x00000000        0x8 ./Sources/main.o
 .group         0x00000000        0x8 ./Sources/main.o
 .group         0x00000000        0x8 ./Sources/main.o
 .group         0x00000000        0x8 ./Sources/main.o
 .group         0x00000000        0x8 ./Sources/main.o
 .group         0x00000000        0x8 ./Sources/main.o
 .group         0x00000000        0x8 ./Sources/main.o
 .group         0x00000000        0x8 ./Sources/main.o
 .group         0x00000000        0x8 ./Sources/main.o
 .text          0x00000000        0x0 ./Sources/main.o
 .data          0x00000000        0x0 ./Sources/main.o
 .bss           0x00000000        0x0 ./Sources/main.o
 .text.delay    0x00000000       0x1a ./Sources/main.o
 .text.SendCANData
                0x00000000      0x138 ./Sources/main.o
 .rodata.SendCANData
                0x00000000       0x20 ./Sources/main.o
 .sbss.exit_code
                0x00000000        0x4 ./Sources/main.o
 .group         0x00000000        0x8 ./SDK/rtos/osif/osif_baremetal.o
 .group         0x00000000        0x8 ./SDK/rtos/osif/osif_baremetal.o
 .group         0x00000000        0x8 ./SDK/rtos/osif/osif_baremetal.o
 .group         0x00000000        0x8 ./SDK/rtos/osif/osif_baremetal.o
 .group         0x00000000        0x8 ./SDK/rtos/osif/osif_baremetal.o
 .group         0x00000000        0x8 ./SDK/rtos/osif/osif_baremetal.o
 .group         0x00000000        0x8 ./SDK/rtos/osif/osif_baremetal.o
 .group         0x00000000        0x8 ./SDK/rtos/osif/osif_baremetal.o
 .group         0x00000000        0x8 ./SDK/rtos/osif/osif_baremetal.o
 .group         0x00000000        0x8 ./SDK/rtos/osif/osif_baremetal.o
[...]
Memory Configuration

Name             Origin             Length             Attributes
flash_rchw       0x00fa0000         0x00000004
cpu0_reset_vec   0x00fa0010         0x00000004
cpu1_reset_vec   0x00fa0014         0x00000004
cpu2_reset_vec   0x00fa0004         0x00000004
m_text           0x01000000         0x001d0000
m_data           0x40000000         0x00040000
*default*        0x00000000         0xffffffff

Linker script and memory map

LOAD c:/nxp/s32ds_power_v2017.r1/cross_tools/powerpc-eabivle-4_9/bin/../lib/gcc/powerpc-eabivle/4.9.4/e200z4/fp/ecrti.o
LOAD c:/nxp/s32ds_power_v2017.r1/cross_tools/powerpc-eabivle-4_9/bin/../lib/gcc/powerpc-eabivle/4.9.4/e200z4/fp/crtbegin.o
LOAD ./Sources/main.o
LOAD ./SDK/rtos/osif/osif_baremetal.o
LOAD ./SDK/platform/drivers/src/pit/pit_hw_access.o
LOAD ./SDK/platform/drivers/src/pit/pit_driver.o
LOAD ./SDK/platform/drivers/src/pins/siul2/siul2_hw_access.o
LOAD ./SDK/platform/drivers/src/pins/siul2/pins_siul2_driver.o
LOAD ./SDK/platform/drivers/src/interrupt/interrupt_manager_MPC57xx.o
LOAD ./SDK/platform/drivers/src/flexcan/flexcan_irq.o
LOAD ./SDK/platform/drivers/src/flexcan/flexcan_hw_access.o
LOAD ./SDK/platform/drivers/src/flexcan/flexcan_driver.o
LOAD ./SDK/platform/drivers/src/edma/edma_irq.o
LOAD ./SDK/platform/drivers/src/edma/edma_hw_access.o
LOAD ./SDK/platform/drivers/src/edma/edma_driver.o
LOAD ./SDK/platform/drivers/src/clock/MPC57xx/clock_MPC57xx.o
LOAD ./SDK/platform/devices/startup.o
LOAD ./SDK/platform/devices/MPC5748G/startup/system_MPC5748G.o
LOAD ./Project_Settings/Startup_Code/startup_MPC5748G.o
LOAD ./Project_Settings/Startup_Code/interrupt_vectors.o
LOAD ./Project_Settings/Startup_Code/core0_intc_sw_handlers.o
LOAD ./Generated_Code/pit1.o
LOAD ./Generated_Code/pin_mux.o
LOAD ./Generated_Code/dmaController1.o
LOAD ./Generated_Code/clockMan1.o
LOAD ./Generated_Code/canCom8.o
LOAD ./Generated_Code/canCom7.o
LOAD ./Generated_Code/canCom6.o
LOAD ./Generated_Code/canCom5.o
LOAD ./Generated_Code/canCom4.o
LOAD ./Generated_Code/canCom3.o
LOAD ./Generated_Code/canCom2.o
LOAD ./Generated_Code/canCom1.o
LOAD ./Generated_Code/Cpu.o
START GROUP
LOAD C:/NXP/S32DS_Power_v2017.R1/S32DS/e200_ewl2/lib/e200z4/fp\libc99.a
LOAD C:/NXP/S32DS_Power_v2017.R1/S32DS/e200_ewl2/lib/e200z4/fp\libm.a
LOAD c:/nxp/s32ds_power_v2017.r1/cross_tools/powerpc-eabivle-4_9/bin/../lib/gcc/powerpc-eabivle/4.9.4/e200z4/fp\libgcc.a
LOAD C:/NXP/S32DS_Power_v2017.R1/S32DS/e200_ewl2/lib/e200z4/fp\librt.a
END GROUP
LOAD c:/nxp/s32ds_power_v2017.r1/cross_tools/powerpc-eabivle-4_9/bin/../lib/gcc/powerpc-eabivle/4.9.4/e200z4/fp/crtend.o
LOAD c:/nxp/s32ds_power_v2017.r1/cross_tools/powerpc-eabivle-4_9/bin/../lib/gcc/powerpc-eabivle/4.9.4/e200z4/fp/ecrtn.o
                0x00000000                __HEAP_SIZE = DEFINED (__heap_size__)?__heap_size__:0x0
                0x00001000                __STACK_SIZE = DEFINED (__stack_size__)?__stack_size__:0x1000
                0x01000000                FLASH_BASE_ADDR = DEFINED (__flash_base_addr__)?__flash_base_addr__:0x1000000
                0x001d0000                FLASH_SIZE = DEFINED (__flash_size__)?__flash_size__:0x1d0000
                0x40000000                SRAM_BASE_ADDR = DEFINED (__sram_base_addr__)?__sram_base_addr__:0x40000000
                0x00040000                SRAM_SIZE = DEFINED (__sram_size__)?__sram_size__:0x40000

.rchw           0x00fa0000        0x4
 *(.rchw)
 .rchw          0x00fa0000        0x4 ./Project_Settings/Startup_Code/startup_MPC5748G.o

.cpu0_reset_vector
                0x00fa0010        0x4
 *(.cpu0_reset_vector)
 .cpu0_reset_vector
                0x00fa0010        0x4 ./Project_Settings/Startup_Code/startup_MPC5748G.o

.cpu1_reset_vector
 *(.cpu1_reset_vector)

.cpu2_reset_vector
 *(.cpu2_reset_vector)

.startup        0x01000000      0x168
                0x01000000                __start = .
 *(.startup)
 .startup       0x01000000      0x168 ./Project_Settings/Startup_Code/startup_MPC5748G.o
                0x01000000                Reset_Handler
                0x01000000                _start

.core_exceptions_table
                0x01001000       0xb4
                0x01001000                __IVPR_VALUE = .
 *(.core_exceptions_table)
 .core_exceptions_table
                0x01001000       0xb4 ./Project_Settings/Startup_Code/interrupt_vectors.o
                0x01001000                IVOR0_Vector
                0x01001000                VTABLE
                0x01001010                IVOR1_Vector
                0x01001020                IVOR2_Vector
                0x01001030                IVOR3_Vector
                0x01001040                IVOR4_Vector
                0x01001050                IVOR5_Vector
                0x01001060                IVOR6_Vector
                0x01001070                IVOR35_Vector
                0x01001080                IVOR8_Vector
                0x01001090                IVOR15_Vector
                0x010010a0                IVOR33_Vector
                0x010010b0                IVOR34_Vector

.intc_vector_table
                0x01002000      0xbcc
                0x01002000                __VECTOR_TABLE = .
                0x01002000                __interrupts_start__ = .
 *(.intc_vector_table)
 .intc_vector_table
                0x01002000      0xbcc ./Project_Settings/Startup_Code/startup_MPC5748G.o
                0x01002000                __isr_vector
                0x01002bc8                SIUL_EIRQ_16_23_IRQHandler
                0x01002bc8                LINFLEXD2_UART_TxIRQHandler
                0x01002bc8                PIT_Ch14_IRQHandler
                0x01002bc8                LINFLEXD6_UART_ErrIRQHandler
                0x01002bc8                LINFLEXD5_UART_ErrIRQHandler
                0x01002bc8                SAI2_Rx_IRQHandler
                0x01002bc8                PIT_Ch10_IRQHandler
                0x01002bc8                STM2_Ch3_IRQHandler
                0x01002bc8                WKPU_23_16_IRQHandler
                0x01002bc8                ENET0_Rx_1_IRQHandler
                0x01002bc8                EMIOS0_30_31_IRQHandler
                0x01002bc8                SWT0_IRQHandler
                0x01002bc8                DSPI1_Send_IRQHandler
                0x01002bc8                DSPI0_FIFO_Error_IRQHandler
                0x01002bc8                DSPI5_FIFO_Error_IRQHandler
                0x01002bc8                USBOTG_IRQHandler
                0x01002bc8                EMIOS1_00_01_IRQHandler
                0x01002bc8                ADC1_WD_IRQHandler
                0x01002bc8                IVOR5_Exception_Handler
                0x01002bc8                DSPI4_Send_IRQHandler
                0x01002bc8                STM2_Ch2_IRQHandler
                0x01002bc8                LINFLEXD3_UART_ErrIRQHandler
                0x01002bc8                PIT_Ch15_IRQHandler
                0x01002bc8                DSPI6_Send_IRQHandler
                0x01002bc8                IVOR34_Exception_Handler
                0x01002bc8                EMIOS1_26_27_IRQHandler
                0x01002bc8                IVOR33_Exception_Handler
                0x01002bc8                LINFLEXD13_UART_TxIRQHandler
                0x01002bc8                IVOR2_Exception_Handler
                0x01002bc8                DSPI3_Send_IRQHandler
                0x01002bc8                ENET0_Tx_2_IRQHandler
                0x01002bc8                LINFLEXD0_UART_ErrIRQHandler
                0x01002bc8                LINFLEXD14_UART_RxIRQHandler
                0x01002bc8                SAI2_Tx_IRQHandler
                0x01002bc8                ENET1_Tx_IRQHandler
                0x01002bc8                STM1_Ch2_IRQHandler
                0x01002bc8                LINFLEXD6_UART_TxIRQHandler
                0x01002bc8                STM2_Ch1_IRQHandler
                0x01002bc8                EMIOS1_04_05_IRQHandler
                0x01002bc8                LINFLEXD11_UART_TxIRQHandler
                0x01002bc8                ENET1_Rx_2_IRQHandler
                0x01002bc8                LINFLEXD5_UART_RxIRQHandler
                0x01002bc8                LINFLEXD9_UART_ErrIRQHandler
                0x01002bc8                SAI0_Tx_IRQHandler
                0x01002bc8                EMIOS0_24_25_IRQHandler
                0x01002bc8                EMIOS2_00_01_IRQHandler
                0x01002bc8                LINFLEXD10_UART_TxIRQHandler
                0x01002bc8                DSPI2_FIFO_Error_IRQHandler
                0x01002bc8                DSPI9_FIFO_Error_IRQHandler
                0x01002bc8                LINFLEXD7_UART_RxIRQHandler
                0x01002bc8                SWT2_IRQHandler
                0x01002bc8                ENET0_Parser_IRQHandler
                0x01002bc8                EMIOS2_26_27_IRQHandler
                0x01002bc8                LINFLEXD0_UART_TxIRQHandler
                0x01002bc8                ADC0_WD_IRQHandler
                0x01002bc8                EMIOS0_10_11_IRQHandler
                0x01002bc8                LINFLEXD16_UART_ErrIRQHandler
                0x01002bc8                LINFLEXD14_UART_ErrIRQHandler
                0x01002bc8                EMIOS0_12_13_IRQHandler
                0x01002bc8                LINFLEXD14_UART_TxIRQHandler
                0x01002bc8                LINFLEXD9_UART_TxIRQHandler
                0x01002bc8                EMIOS1_14_15_IRQHandler
                0x01002bc8                ENET1_Rx_IRQHandler
                0x01002bc8                DSPI4_FIFO_Error_IRQHandler
                0x01002bc8                IVOR15_Exception_Handler
                0x01002bc8                ENET0_Err_IRQHandler
                0x01002bc8                ENET1_Timer_IRQHandler
                0x01002bc8                DSPI0_Send_IRQHandler
                0x01002bc8                LINFLEXD17_UART_RxIRQHandler
                0x01002bc8                DSPI6_Receive_IRQHandler
                0x01002bc8                DSPI2_Send_IRQHandler
                0x01002bc8                CMP0_IRQHandler
                0x01002bc8                DSPI0_Receive_IRQHandler
                0x01002bc8                I2C_DRV_Module2IRQHandler
                0x01002bc8                SAI1_Tx_IRQHandler
                0x01002bc8                EMIOS0_16_17_IRQHandler
                0x01002bc8                LINFLEXD11_UART_ErrIRQHandler
                0x01002bc8                LINFLEXD10_UART_ErrIRQHandler
                0x01002bc8                BCTU_ListLast_IRQHandler
                0x01002bc8                ENET0_Rx_IRQHandler
                0x01002bc8                STM2_Ch0_IRQHandler
                0x01002bc8                ADC0_EOC_IRQHandler
                0x01002bc8                LINFLEXD12_UART_TxIRQHandler
                0x01002bc8                LINFLEXD13_UART_ErrIRQHandler
                0x01002bc8                ADC1_ER_IRQHandler
                0x01002bc8                DSPI9_Receive_IRQHandler
                0x01002bc8                LINFLEXD15_UART_RxIRQHandler
                0x01002bc8                DSPI2_Receive_IRQHandler
                0x01002bc8                LINFLEXD1_UART_ErrIRQHandler
                0x01002bc8                DSPI3_Receive_IRQHandler
                0x01002bc8                SAI0_Rx_IRQHandler
                0x01002bc8                EMIOS1_30_31_IRQHandler
                0x01002bc8                LINFLEXD10_UART_RxIRQHandler
                0x01002bc8                LINFLEXD13_UART_RxIRQHandler
                0x01002bc8                EMIOS0_22_23_IRQHandler
                0x01002bc8                EMIOS1_28_29_IRQHandler
                0x01002bc8                EMIOS1_10_11_IRQHandler
                0x01002bc8                EMIOS2_28_29_IRQHandler
                0x01002bc8                LINFLEXD8_UART_TxIRQHandler
                0x01002bc8                ADC0_ER_IRQHandler
                0x01002bc8                ENET1_Tx_1_IRQHandler
                0x01002bc8                SIUL_EIRQ_00_07_IRQHandler
                0x01002bc8                LINFLEXD4_UART_TxIRQHandler
                0x01002bc8                DSPI7_Receive_IRQHandler
                0x01002bc8                DSPI1_FIFO_Error_IRQHandler
                0x01002bc8                ENET0_Tx_1_IRQHandler
                0x01002bc8                PIT_Ch11_IRQHandler
                0x01002bc8                PIT_Ch12_IRQHandler
                0x01002bc8                ENET0_Rx_2_IRQHandler
                0x01002bc8                LINFLEXD11_UART_RxIRQHandler
                0x01002bc8                EMIOS0_04_05_IRQHandler
                0x01002bc8                ENET1_Parser_IRQHandler
                0x01002bc8                CMP2_IRQHandler
                0x01002bc8                EMIOS2_20_21_IRQHandler
                0x01002bc8                IVOR1_Exception_Handler
                0x01002bc8                LINFLEXD7_UART_TxIRQHandler
                0x01002bc8                DSPI7_FIFO_Error_IRQHandler
                0x01002bc8                STM1_Ch0_IRQHandler
                0x01002bc8                DSPI8_Receive_IRQHandler
                0x01002bc8                LINFLEXD16_UART_TxIRQHandler
                0x01002bc8                PIT_Ch13_IRQHandler
                0x01002bc8                LINFLEXD2_UART_RxIRQHandler
                0x01002bc8                I2C_DRV_Module1IRQHandler
                0x01002bc8                ENET0_Tx_IRQHandler
                0x01002bc8                SIUL_EIRQ_24_31_IRQHandler
                0x01002bc8                EMIOS1_06_07_IRQHandler
                0x01002bc8                WKPU_31_24_IRQHandler
                0x01002bc8                DSPI9_Send_IRQHandler
                0x01002bc8                IVOR8_Exception_Handler
                0x01002bc8                PIT_RTI_IRQHandler
                0x01002bc8                LINFLEXD3_UART_RxIRQHandler
                0x01002bc8                LINFLEXD12_UART_RxIRQHandler
                0x01002bc8                DSPI5_Receive_IRQHandler
                0x01002bc8                IVOR3_Exception_Handler
                0x01002bc8                LINFLEXD12_UART_ErrIRQHandler
                0x01002bc8                EMIOS1_12_13_IRQHandler
                0x01002bc8                STM1_Ch1_IRQHandler
                0x01002bc8                STM0_Ch0_IRQHandler
                0x01002bc8                USBHS_IRQHandler
                0x01002bc8                LINFLEXD17_UART_TxIRQHandler
                0x01002bc8                WKPU_15_08_IRQHandler
                0x01002bc8                EMIOS1_02_03_IRQHandler
                0x01002bc8                LINFLEXD4_UART_ErrIRQHandler
                0x01002bc8                STM0_Ch2_IRQHandler
                0x01002bc8                STM0_Ch3_IRQHandler
                0x01002bc8                EMIOS0_00_01_IRQHandler
                0x01002bc8                LINFLEXD0_UART_RxIRQHandler
                0x01002bc8                LINFLEXD15_UART_TxIRQHandler
                0x01002bc8                LINFLEXD15_UART_ErrIRQHandler
                0x01002bc8                LINFLEXD6_UART_RxIRQHandler
                0x01002bc8                DSPI8_FIFO_Error_IRQHandler
                0x01002bc8                RTC0_IRQHandler
                0x01002bc8                EMIOS0_18_19_IRQHandler
                0x01002bc8                LINFLEXD17_UART_ErrIRQHandler
                0x01002bc8                EMIOS2_18_19_IRQHandler
                0x01002bc8                LINFLEXD8_UART_RxIRQHandler
                0x01002bc8                I2C_DRV_Module0IRQHandler
                0x01002bc8                LINFLEXD7_UART_ErrIRQHandler
                0x01002bc8                EMIOS0_20_21_IRQHandler
                0x01002bc8                DSPI3_FIFO_Error_IRQHandler
                0x01002bc8                I2C_DRV_Module3IRQHandler
                0x01002bc8                EMIOS2_02_03_IRQHandler
                0x01002bc8                DSPI7_Send_IRQHandler
                0x01002bc8                STM1_Ch3_IRQHandler
                0x01002bc8                IVOR6_Exception_Handler
                0x01002bc8                EMIOS1_24_25_IRQHandler
                0x01002bc8                LINFLEXD2_UART_ErrIRQHandler
                0x01002bc8                EMIOS2_04_05_IRQHandler
                0x01002bc8                EMIOS0_26_27_IRQHandler
                0x01002bc8                EMIOS1_08_09_IRQHandler
                0x01002bc8                LINFLEXD5_UART_TxIRQHandler
                0x01002bc8                EMIOS2_12_13_IRQHandler
                0x01002bc8                EMIOS2_10_11_IRQHandler
                0x01002bc8                DSPI4_Receive_IRQHandler
                0x01002bc8                DSPI6_FIFO_Error_IRQHandler
                0x01002bc8                EMIOS2_14_15_IRQHandler
                0x01002bc8                EMIOS1_18_19_IRQHandler
                0x01002bc8                EMIOS1_22_23_IRQHandler
                0x01002bc8                DSPI1_Receive_IRQHandler
                0x01002bc8                EMIOS0_08_09_IRQHandler
                0x01002bc8                PIT_Ch9_IRQHandler
                0x01002bc8                SIUL_EIRQ_08_15_IRQHandler
                0x01002bc8                EMIOS2_24_25_IRQHandler
                0x01002bc8                LINFLEXD4_UART_RxIRQHandler
                0x01002bc8                ENET1_Err_IRQHandler
                0x01002bc8                LINFLEXD1_UART_TxIRQHandler
                0x01002bc8                EMIOS2_06_07_IRQHandler
                0x01002bc8                SWT1_IRQHandler
                0x01002bc8                EMIOS1_16_17_IRQHandler
                0x01002bc8                ENET1_Rx_1_IRQHandler
                0x01002bc8                FLASH_Done_IRQHandler
                0x01002bc8                LINFLEXD16_UART_RxIRQHandler
                0x01002bc8                DSPI8_Send_IRQHandler
                0x01002bc8                API0_IRQHandler
                0x01002bc8                ENET1_Tx_2_IRQHandler
                0x01002bc8                ENET0_Timer_IRQHandler
                0x01002bc8                EMIOS0_02_03_IRQHandler
                0x01002bc8                EMIOS0_06_07_IRQHandler
                0x01002bc8                DefaultISR
                0x01002bc8                EMIOS0_28_29_IRQHandler
                0x01002bc8                EMIOS2_08_09_IRQHandler
                0x01002bc8                PIT_Ch8_IRQHandler
                0x01002bc8                uSDHC_DriverIRQHandler
                0x01002bc8                HSM_DRV_IRQHandler
                0x01002bc8                IVOR0_Exception_Handler
                0x01002bc8                IVOR35_Exception_Handler
                0x01002bc8                LINFLEXD3_UART_TxIRQHandler
                0x01002bc8                LINFLEXD9_UART_RxIRQHandler
                0x01002bc8                CMP1_IRQHandler
                0x01002bc8                EMIOS2_22_23_IRQHandler
                0x01002bc8                FCCU0_IRQ_Handler
                0x01002bc8                STM0_Ch1_IRQHandler
                0x01002bc8                LINFLEXD8_UART_ErrIRQHandler
                0x01002bc8                DSPI5_Send_IRQHandler
                0x01002bc8                ADC1_EOC_IRQHandler
                0x01002bc8                WKPU_07_00_IRQHandler
                0x01002bc8                BCTU_ConvUpdate_IRQHandler
                0x01002bc8                SAI1_Rx_IRQHandler
                0x01002bc8                EMIOS2_30_31_IRQHandler
                0x01002bc8                EMIOS1_20_21_IRQHandler
                0x01002bc8                EMIOS2_16_17_IRQHandler
                0x01002bc8                LINFLEXD1_UART_RxIRQHandler
                0x01002bc8                EMIOS0_14_15_IRQHandler
                0x01002bcc                __interrupts_end__ = .
                0x00000c00                __RAM_VECTOR_TABLE_SIZE = 0xc00
                0x01002c00                __VECTOR_TABLE_COPY_END = (__VECTOR_TABLE + __RAM_VECTOR_TABLE_SIZE)

.text           0x01002bd0     0x4d40
 *(.text.startup)
 *(.text)
 .text          0x01002bd0      0x16c c:/nxp/s32ds_power_v2017.r1/cross_tools/powerpc-eabivle-4_9/bin/../lib/gcc/powerpc-eabivle/4.9.4/e200z4/fp/crtbegin.o
 *fill*         0x01002d3c        0x4 
 .text          0x01002d40      0x2f6 ./Project_Settings/Startup_Code/core0_intc_sw_handlers.o
                0x01002d80                IVOR0_Handler
                0x01002dae                IVOR1_Handler
                0x01002dfc                IVOR2_Handler
                0x01002e36                IVOR3_Handler
                0x01002e70                IVOR4_Handler
                0x01002eb8                IVOR5_Handler
                0x01002ef2                IVOR6_Handler
                0x01002f2c                IVOR8_Handler
                0x01002f66                IVOR15_Handler
                0x01002f94                IVOR33_Handler
                0x01002fce                IVOR34_Handler
                0x01003008                IVOR35_Handler
 *fill*         0x01003036        0x2 
 .text          0x01003038      0x328 c:/nxp/s32ds_power_v2017.r1/cross_tools/powerpc-eabivle-4_9/bin/../lib/gcc/powerpc-eabivle/4.9.4/e200z4/fp\libgcc.a(_udivdi3.o)
                0x01003038                __udivdi3
 .text          0x01003360       0x4a c:/nxp/s32ds_power_v2017.r1/cross_tools/powerpc-eabivle-4_9/bin/../lib/gcc/powerpc-eabivle/4.9.4/e200z4/fp\libgcc.a(eabivle.o)
                0x01003360                __eabi
 *fill*         0x010033aa        0x2 
 .text          0x010033ac       0x48 c:/nxp/s32ds_power_v2017.r1/cross_tools/powerpc-eabivle-4_9/bin/../lib/gcc/powerpc-eabivle/4.9.4/e200z4/fp/crtend.o
 *(.text.*)
 .text.PIT_Ch0_IRQHandler
                0x010033f4       0x24 ./Sources/main.o
                0x010033f4                PIT_Ch0_IRQHandler
 .text.PIT_Ch1_IRQHandler
                0x01003418       0x24 ./Sources/main.o
                0x01003418                PIT_Ch1_IRQHandler
 .text.PIT_Ch2_IRQHandler
                0x0100343c       0x24 ./Sources/main.o
                0x0100343c                PIT_Ch2_IRQHandler
 .text.PIT_Ch3_IRQHandler
                0x01003460       0x24 ./Sources/main.o
                0x01003460                PIT_Ch3_IRQHandler
 .text.PIT_Ch4_IRQHandler
                0x01003484       0x24 ./Sources/main.o
                0x01003484                PIT_Ch4_IRQHandler
 .text.PIT_Ch5_IRQHandler
                0x010034a8       0x24 ./Sources/main.o
                0x010034a8                PIT_Ch5_IRQHandler
 .text.PIT_Ch6_IRQHandler
                0x010034cc       0x24 ./Sources/main.o
                0x010034cc                PIT_Ch6_IRQHandler
 .text.PIT_Ch7_IRQHandler
                0x010034f0       0x24 ./Sources/main.o
                0x010034f0                PIT_Ch7_IRQHandler
 .text.BoardInit
                0x01003514       0x3e ./Sources/main.o
                0x01003514                BoardInit
 *fill*         0x01003552        0x2 
 .text.Peripheral_Power_Supply_Init
                0x01003554       0x28 ./Sources/main.o
                0x01003554                Peripheral_Power_Supply_Init
 .text.CAN_TJA1043T_Enable
                0x0100357c       0x70 ./Sources/main.o
                0x0100357c                CAN_TJA1043T_Enable
 .text.PIT_FlexCan_Init
                0x010035ec      0x218 ./Sources/main.o
                0x010035ec                PIT_FlexCan_Init
 .text.main     0x01003804       0xdc ./Sources/main.o
                0x01003804                main
 .text.OSIF_SemaPost
                0x010038e0       0x54 ./SDK/rtos/osif/osif_baremetal.o
                0x010038e0                OSIF_SemaPost
 .text.OSIF_SemaCreate
                0x01003934       0x42 ./SDK/rtos/osif/osif_baremetal.o
                0x01003934                OSIF_SemaCreate
 *fill*         0x01003976        0x2 
 .text.OSIF_SemaDestroy
                0x01003978       0x1e ./SDK/rtos/osif/osif_baremetal.o
                0x01003978                OSIF_SemaDestroy
 *fill*         0x01003996        0x2 
 .text.PIT_DRV_Init
                0x01003998       0xb8 ./SDK/platform/drivers/src/pit/pit_driver.o
                0x01003998                PIT_DRV_Init
 .text.PIT_DRV_StartChannel
                0x01003a50       0x66 ./SDK/platform/drivers/src/pit/pit_driver.o
                0x01003a50                PIT_DRV_StartChannel
 *fill*         0x01003ab6        0x2 
 .text.PIT_DRV_SetTimerPeriodByCount
                0x01003ab8       0x38 ./SDK/platform/drivers/src/pit/pit_driver.o
                0x01003ab8                PIT_DRV_SetTimerPeriodByCount
 .text.PIT_DRV_SetTimerPeriodByUs
                0x01003af0      0x11c ./SDK/platform/drivers/src/pit/pit_driver.o
                0x01003af0                PIT_DRV_SetTimerPeriodByUs
 .text.PIT_DRV_EnableChannelInterrupt
                0x01003c0c       0x44 ./SDK/platform/drivers/src/pit/pit_driver.o
                0x01003c0c                PIT_DRV_EnableChannelInterrupt
 .text.PIT_DRV_DisableChannelInterrupt
                0x01003c50       0x44 ./SDK/platform/drivers/src/pit/pit_driver.o
                0x01003c50                PIT_DRV_DisableChannelInterrupt
 .text.PIT_DRV_InitChannel
                0x01003c94      0x15a ./SDK/platform/drivers/src/pit/pit_driver.o
                0x01003c94                PIT_DRV_InitChannel
 *fill*         0x01003dee        0x2 
 .text.PIT_DRV_ClearStatusFlags
                0x01003df0       0x3e ./SDK/platform/drivers/src/pit/pit_driver.o
                0x01003df0                PIT_DRV_ClearStatusFlags
 *fill*         0x01003e2e        0x2 
 .text.PINS_Init
                0x01003e30      0x1a6 ./SDK/platform/drivers/src/pins/siul2/siul2_hw_access.o
                0x01003e30                PINS_Init
 *fill*         0x01003fd6        0x2 
 .text.PINS_DRV_Init
                0x01003fd8       0x38 ./SDK/platform/drivers/src/pins/siul2/pins_siul2_driver.o
                0x01003fd8                PINS_DRV_Init
 .text.PINS_DRV_WritePin
                0x01004010       0x54 ./SDK/platform/drivers/src/pins/siul2/pins_siul2_driver.o
                0x01004010                PINS_DRV_WritePin
 .text.INT_SYS_EnableIRQ
                0x01004064       0x4c ./SDK/platform/drivers/src/interrupt/interrupt_manager_MPC57xx.o
                0x01004064                INT_SYS_EnableIRQ
 .text.INT_SYS_DisableIRQ
                0x010040b0       0x4a ./SDK/platform/drivers/src/interrupt/interrupt_manager_MPC57xx.o
                0x010040b0                INT_SYS_DisableIRQ
 *fill*         0x010040fa        0x2 
 .text.INT_SYS_EnableIRQGlobal
                0x010040fc       0x26 ./SDK/platform/drivers/src/interrupt/interrupt_manager_MPC57xx.o
                0x010040fc                INT_SYS_EnableIRQGlobal
 *fill*         0x01004122        0x2 
 .text.INT_SYS_DisableIRQGlobal
                0x01004124       0x10 ./SDK/platform/drivers/src/interrupt/interrupt_manager_MPC57xx.o
                0x01004124                INT_SYS_DisableIRQGlobal
 .text.CAN0_ORed_IRQHandler
                0x01004134       0x16 ./SDK/platform/drivers/src/flexcan/flexcan_irq.o
                0x01004134                CAN0_ORed_IRQHandler
 *fill*         0x0100414a        0x2 
 .text.CAN0_Error_IRQHandler
                0x0100414c       0x16 ./SDK/platform/drivers/src/flexcan/flexcan_irq.o
                0x0100414c                CAN0_Error_IRQHandler
 *fill*         0x01004162        0x2 
 .text.CAN0_Wake_Up_IRQHandler
                0x01004164       0x16 ./SDK/platform/drivers/src/flexcan/flexcan_irq.o
                0x01004164                CAN0_Wake_Up_IRQHandler
 *fill*         0x0100417a        0x2 
 .text.CAN0_ORed_00_03_MB_IRQHandler
                0x0100417c       0x16 ./SDK/platform/drivers/src/flexcan/flexcan_irq.o
                0x0100417c                CAN0_ORed_00_03_MB_IRQHandler
 *fill*         0x01004192        0x2 
 .text.CAN0_ORed_04_07_MB_IRQHandler
                0x01004194       0x16 ./SDK/platform/drivers/src/flexcan/flexcan_irq.o
                0x01004194                CAN0_ORed_04_07_MB_IRQHandler
 *fill*         0x010041aa        0x2 
 .text.CAN0_ORed_08_11_MB_IRQHandler
                0x010041ac       0x16 ./SDK/platform/drivers/src/flexcan/flexcan_irq.o
                0x010041ac                CAN0_ORed_08_11_MB_IRQHandler
 *fill*         0x010041c2        0x2 
 .text.CAN0_ORed_12_15_MB_IRQHandler
                0x010041c4       0x16 ./SDK/platform/drivers/src/flexcan/flexcan_irq.o
                0x010041c4                CAN0_ORed_12_15_MB_IRQHandler
 *fill*         0x010041da        0x2 
 .text.CAN0_ORed_16_31_MB_IRQHandler
                0x010041dc       0x16 ./SDK/platform/drivers/src/flexcan/flexcan_irq.o
                0x010041dc                CAN0_ORed_16_31_MB_IRQHandler
 *fill*         0x010041f2        0x2 
 .text.CAN0_ORed_32_63_MB_IRQHandler
                0x010041f4       0x16 ./SDK/platform/drivers/src/flexcan/flexcan_irq.o
                0x010041f4                CAN0_ORed_32_63_MB_IRQHandler
 *fill*         0x0100420a        0x2 
 .text.CAN0_ORed_64_95_MB_IRQHandler
                0x0100420c       0x16 ./SDK/platform/drivers/src/flexcan/flexcan_irq.o
                0x0100420c                CAN0_ORed_64_95_MB_IRQHandler
 *fill*         0x01004222        0x2 
 .text.CAN1_ORed_IRQHandler
                0x01004224       0x16 ./SDK/platform/drivers/src/flexcan/flexcan_irq.o
                0x01004224                CAN1_ORed_IRQHandler
 *fill*         0x0100423a        0x2 
 .text.CAN1_Error_IRQHandler
                0x0100423c       0x16 ./SDK/platform/drivers/src/flexcan/flexcan_irq.o
                0x0100423c                CAN1_Error_IRQHandler
 *fill*         0x01004252        0x2 
 .text.CAN1_ORed_00_03_MB_IRQHandler
                0x01004254       0x16 ./SDK/platform/drivers/src/flexcan/flexcan_irq.o
                0x01004254                CAN1_ORed_00_03_MB_IRQHandler
 *fill*         0x0100426a        0x2 
 .text.CAN1_ORed_04_07_MB_IRQHandler
                0x0100426c       0x16 ./SDK/platform/drivers/src/flexcan/flexcan_irq.o
                0x0100426c                CAN1_ORed_04_07_MB_IRQHandler
 *fill*         0x01004282        0x2 
 .text.CAN1_ORed_08_11_MB_IRQHandler
                0x01004284       0x16 ./SDK/platform/drivers/src/flexcan/flexcan_irq.o
                0x01004284                CAN1_ORed_08_11_MB_IRQHandler
 *fill*         0x0100429a        0x2 
 .text.CAN1_ORed_12_15_MB_IRQHandler
                0x0100429c       0x16 ./SDK/platform/drivers/src/flexcan/flexcan_irq.o
                0x0100429c                CAN1_ORed_12_15_MB_IRQHandler
 *fill*         0x010042b2        0x2 
 .text.CAN1_ORed_16_31_MB_IRQHandler
                0x010042b4       0x16 ./SDK/platform/drivers/src/flexcan/flexcan_irq.o
                0x010042b4                CAN1_ORed_16_31_MB_IRQHandler
 *fill*         0x010042ca        0x2 
 .text.CAN1_ORed_32_63_MB_IRQHandler
                0x010042cc       0x16 ./SDK/platform/drivers/src/flexcan/flexcan_irq.o
                0x010042cc                CAN1_ORed_32_63_MB_IRQHandler
 *fill*         0x010042e2        0x2 
 .text.CAN1_ORed_64_95_MB_IRQHandler
                0x010042e4       0x16 ./SDK/platform/drivers/src/flexcan/flexcan_irq.o
                0x010042e4                CAN1_ORed_64_95_MB_IRQHandler
 *fill*         0x010042fa        0x2 
 .text.CAN2_ORed_IRQHandler
                0x010042fc       0x16 ./SDK/platform/drivers/src/flexcan/flexcan_irq.o
                0x010042fc                CAN2_ORed_IRQHandler
 *fill*         0x01004312        0x2 
 .text.CAN2_Error_IRQHandler
                0x01004314       0x16 ./SDK/platform/drivers/src/flexcan/flexcan_irq.o
                0x01004314                CAN2_Error_IRQHandler
 *fill*         0x0100432a        0x2 
 .text.CAN2_ORed_00_03_MB_IRQHandler
                0x0100432c       0x16 ./SDK/platform/drivers/src/flexcan/flexcan_irq.o
                0x0100432c                CAN2_ORed_00_03_MB_IRQHandler
 *fill*         0x01004342        0x2 
 .text.CAN2_ORed_04_07_MB_IRQHandler
                0x01004344       0x16 ./SDK/platform/drivers/src/flexcan/flexcan_irq.o
                0x01004344                CAN2_ORed_04_07_MB_IRQHandler
 *fill*         0x0100435a        0x2 
 .text.CAN2_ORed_08_11_MB_IRQHandler
                0x0100435c       0x16 ./SDK/platform/drivers/src/flexcan/flexcan_irq.o
                0x0100435c                CAN2_ORed_08_11_MB_IRQHandler
 *fill*         0x01004372        0x2 
 .text.CAN2_ORed_12_15_MB_IRQHandler
                0x01004374       0x16 ./SDK/platform/drivers/src/flexcan/flexcan_irq.o
                0x01004374                CAN2_ORed_12_15_MB_IRQHandler
 *fill*         0x0100438a        0x2 
 .text.CAN2_ORed_16_31_MB_IRQHandler
                0x0100438c       0x16 ./SDK/platform/drivers/src/flexcan/flexcan_irq.o
                0x0100438c                CAN2_ORed_16_31_MB_IRQHandler
 *fill*         0x010043a2        0x2 
 .text.CAN2_ORed_32_63_MB_IRQHandler
                0x010043a4       0x16 ./SDK/platform/drivers/src/flexcan/flexcan_irq.o
                0x010043a4                CAN2_ORed_32_63_MB_IRQHandler
 *fill*         0x010043ba        0x2 
 .text.CAN2_ORed_64_95_MB_IRQHandler
                0x010043bc       0x16 ./SDK/platform/drivers/src/flexcan/flexcan_irq.o
                0x010043bc                CAN2_ORed_64_95_MB_IRQHandler
 *fill*         0x010043d2        0x2 
 .text.CAN3_ORed_IRQHandler
                0x010043d4       0x16 ./SDK/platform/drivers/src/flexcan/flexcan_irq.o
                0x010043d4                CAN3_ORed_IRQHandler
 *fill*         0x010043ea        0x2 
 .text.CAN3_Error_IRQHandler
                0x010043ec       0x16 ./SDK/platform/drivers/src/flexcan/flexcan_irq.o
                0x010043ec                CAN3_Error_IRQHandler
 *fill*         0x01004402        0x2 
 .text.CAN3_ORed_00_03_MB_IRQHandler
                0x01004404       0x16 ./SDK/platform/drivers/src/flexcan/flexcan_irq.o
                0x01004404                CAN3_ORed_00_03_MB_IRQHandler
 *fill*         0x0100441a        0x2 
 .text.CAN3_ORed_04_07_MB_IRQHandler
                0x0100441c       0x16 ./SDK/platform/drivers/src/flexcan/flexcan_irq.o
                0x0100441c                CAN3_ORed_04_07_MB_IRQHandler
 *fill*         0x01004432        0x2 
 .text.CAN3_ORed_08_11_MB_IRQHandler
                0x01004434       0x16 ./SDK/platform/drivers/src/flexcan/flexcan_irq.o
                0x01004434                CAN3_ORed_08_11_MB_IRQHandler
 *fill*         0x0100444a        0x2 
 .text.CAN3_ORed_12_15_MB_IRQHandler
                0x0100444c       0x16 ./SDK/platform/drivers/src/flexcan/flexcan_irq.o
                0x0100444c                CAN3_ORed_12_15_MB_IRQHandler
 *fill*         0x01004462        0x2 
 .text.CAN3_ORed_16_31_MB_IRQHandler
                0x01004464       0x16 ./SDK/platform/drivers/src/flexcan/flexcan_irq.o
                0x01004464                CAN3_ORed_16_31_MB_IRQHandler
 *fill*         0x0100447a        0x2 
 .text.CAN3_ORed_32_63_MB_IRQHandler
                0x0100447c       0x16 ./SDK/platform/drivers/src/flexcan/flexcan_irq.o
                0x0100447c                CAN3_ORed_32_63_MB_IRQHandler
 *fill*         0x01004492        0x2 
 .text.CAN3_ORed_64_95_MB_IRQHandler
                0x01004494       0x16 ./SDK/platform/drivers/src/flexcan/flexcan_irq.o
                0x01004494                CAN3_ORed_64_95_MB_IRQHandler
 *fill*         0x010044aa        0x2 
 .text.CAN4_ORed_IRQHandler
                0x010044ac       0x16 ./SDK/platform/drivers/src/flexcan/flexcan_irq.o
                0x010044ac                CAN4_ORed_IRQHandler
 *fill*         0x010044c2        0x2 
 .text.CAN4_Error_IRQHandler
                0x010044c4       0x16 ./SDK/platform/drivers/src/flexcan/flexcan_irq.o
                0x010044c4                CAN4_Error_IRQHandler
 *fill*         0x010044da        0x2 
 .text.CAN4_ORed_00_03_MB_IRQHandler
                0x010044dc       0x16 ./SDK/platform/drivers/src/flexcan/flexcan_irq.o
                0x010044dc                CAN4_ORed_00_03_MB_IRQHandler
 *fill*         0x010044f2        0x2 
 .text.CAN4_ORed_04_07_MB_IRQHandler
                0x010044f4       0x16 ./SDK/platform/drivers/src/flexcan/flexcan_irq.o
                0x010044f4                CAN4_ORed_04_07_MB_IRQHandler
 *fill*         0x0100450a        0x2 
 .text.CAN4_ORed_08_11_MB_IRQHandler
                0x0100450c       0x16 ./SDK/platform/drivers/src/flexcan/flexcan_irq.o
                0x0100450c                CAN4_ORed_08_11_MB_IRQHandler
 *fill*         0x01004522        0x2 
 .text.CAN4_ORed_12_15_MB_IRQHandler
                0x01004524       0x16 ./SDK/platform/drivers/src/flexcan/flexcan_irq.o
                0x01004524                CAN4_ORed_12_15_MB_IRQHandler
 *fill*         0x0100453a        0x2 
 .text.CAN4_ORed_16_31_MB_IRQHandler
                0x0100453c       0x16 ./SDK/platform/drivers/src/flexcan/flexcan_irq.o
                0x0100453c                CAN4_ORed_16_31_MB_IRQHandler
 *fill*         0x01004552        0x2 
 .text.CAN4_ORed_32_63_MB_IRQHandler
                0x01004554       0x16 ./SDK/platform/drivers/src/flexcan/flexcan_irq.o
                0x01004554                CAN4_ORed_32_63_MB_IRQHandler
 *fill*         0x0100456a        0x2 
 .text.CAN4_ORed_64_95_MB_IRQHandler
                0x0100456c       0x16 ./SDK/platform/drivers/src/flexcan/flexcan_irq.o
                0x0100456c                CAN4_ORed_64_95_MB_IRQHandler
 *fill*         0x01004582        0x2 
 .text.CAN5_ORed_IRQHandler
                0x01004584       0x16 ./SDK/platform/drivers/src/flexcan/flexcan_irq.o
                0x01004584                CAN5_ORed_IRQHandler
 *fill*         0x0100459a        0x2 
 .text.CAN5_Error_IRQHandler
                0x0100459c       0x16 ./SDK/platform/drivers/src/flexcan/flexcan_irq.o
                0x0100459c                CAN5_Error_IRQHandler
 *fill*         0x010045b2        0x2 
 .text.CAN5_ORed_00_03_MB_IRQHandler
                0x010045b4       0x16 ./SDK/platform/drivers/src/flexcan/flexcan_irq.o
                0x010045b4                CAN5_ORed_00_03_MB_IRQHandler
 *fill*         0x010045ca        0x2 
 .text.CAN5_ORed_04_07_MB_IRQHandler
                0x010045cc       0x16 ./SDK/platform/drivers/src/flexcan/flexcan_irq.o
                0x010045cc                CAN5_ORed_04_07_MB_IRQHandler
 *fill*         0x010045e2        0x2 
 .text.CAN5_ORed_08_11_MB_IRQHandler
                0x010045e4       0x16 ./SDK/platform/drivers/src/flexcan/flexcan_irq.o
                0x010045e4                CAN5_ORed_08_11_MB_IRQHandler
 *fill*         0x010045fa        0x2 
 .text.CAN5_ORed_12_15_MB_IRQHandler
                0x010045fc       0x16 ./SDK/platform/drivers/src/flexcan/flexcan_irq.o
                0x010045fc                CAN5_ORed_12_15_MB_IRQHandler
 *fill*         0x01004612        0x2 
 .text.CAN5_ORed_16_31_MB_IRQHandler
                0x01004614       0x16 ./SDK/platform/drivers/src/flexcan/flexcan_irq.o
                0x01004614                CAN5_ORed_16_31_MB_IRQHandler
 *fill*         0x0100462a        0x2 
 .text.CAN5_ORed_32_63_MB_IRQHandler
                0x0100462c       0x16 ./SDK/platform/drivers/src/flexcan/flexcan_irq.o
                0x0100462c                CAN5_ORed_32_63_MB_IRQHandler
 *fill*         0x01004642        0x2 
 .text.CAN5_ORed_64_95_MB_IRQHandler
                0x01004644       0x16 ./SDK/platform/drivers/src/flexcan/flexcan_irq.o
                0x01004644                CAN5_ORed_64_95_MB_IRQHandler
 *fill*         0x0100465a        0x2 
 .text.CAN6_ORed_IRQHandler
                0x0100465c       0x16 ./SDK/platform/drivers/src/flexcan/flexcan_irq.o
                0x0100465c                CAN6_ORed_IRQHandler
 *fill*         0x01004672        0x2 
 .text.CAN6_Error_IRQHandler
                0x01004674       0x16 ./SDK/platform/drivers/src/flexcan/flexcan_irq.o
                0x01004674                CAN6_Error_IRQHandler
 *fill*         0x0100468a        0x2 
 .text.CAN6_ORed_00_03_MB_IRQHandler
                0x0100468c       0x16 ./SDK/platform/drivers/src/flexcan/flexcan_irq.o
                0x0100468c                CAN6_ORed_00_03_MB_IRQHandler
 *fill*         0x010046a2        0x2 
 .text.CAN6_ORed_04_07_MB_IRQHandler
                0x010046a4       0x16 ./SDK/platform/drivers/src/flexcan/flexcan_irq.o
                0x010046a4                CAN6_ORed_04_07_MB_IRQHandler
 *fill*         0x010046ba        0x2 
 .text.CAN6_ORed_08_11_MB_IRQHandler
                0x010046bc       0x16 ./SDK/platform/drivers/src/flexcan/flexcan_irq.o
                0x010046bc                CAN6_ORed_08_11_MB_IRQHandler
 *fill*         0x010046d2        0x2 
 .text.CAN6_ORed_12_15_MB_IRQHandler
                0x010046d4       0x16 ./SDK/platform/drivers/src/flexcan/flexcan_irq.o
                0x010046d4                CAN6_ORed_12_15_MB_IRQHandler
 *fill*         0x010046ea        0x2 
 .text.CAN6_ORed_16_31_MB_IRQHandler
                0x010046ec       0x16 ./SDK/platform/drivers/src/flexcan/flexcan_irq.o
                0x010046ec                CAN6_ORed_16_31_MB_IRQHandler
 *fill*         0x01004702        0x2 
 .text.CAN6_ORed_32_63_MB_IRQHandler
                0x01004704       0x16 ./SDK/platform/drivers/src/flexcan/flexcan_irq.o
                0x01004704                CAN6_ORed_32_63_MB_IRQHandler
 *fill*         0x0100471a        0x2 
 .text.CAN6_ORed_64_95_MB_IRQHandler
                0x0100471c       0x16 ./SDK/platform/drivers/src/flexcan/flexcan_irq.o
                0x0100471c                CAN6_ORed_64_95_MB_IRQHandler
 *fill*         0x01004732        0x2 
 .text.CAN7_ORed_IRQHandler
                0x01004734       0x16 ./SDK/platform/drivers/src/flexcan/flexcan_irq.o
                0x01004734                CAN7_ORed_IRQHandler
 *fill*         0x0100474a        0x2 
 .text.CAN7_Error_IRQHandler
                0x0100474c       0x16 ./SDK/platform/drivers/src/flexcan/flexcan_irq.o
                0x0100474c                CAN7_Error_IRQHandler
 *fill*         0x01004762        0x2 
 .text.CAN7_ORed_00_03_MB_IRQHandler
                0x01004764       0x16 ./SDK/platform/drivers/src/flexcan/flexcan_irq.o
                0x01004764                CAN7_ORed_00_03_MB_IRQHandler
 *fill*         0x0100477a        0x2 
 .text.CAN7_ORed_04_07_MB_IRQHandler
                0x0100477c       0x16 ./SDK/platform/drivers/src/flexcan/flexcan_irq.o
                0x0100477c                CAN7_ORed_04_07_MB_IRQHandler
 *fill*         0x01004792        0x2 
 .text.CAN7_ORed_08_11_MB_IRQHandler
                0x01004794       0x16 ./SDK/platform/drivers/src/flexcan/flexcan_irq.o
                0x01004794                CAN7_ORed_08_11_MB_IRQHandler
 *fill*         0x010047aa        0x2 
 .text.CAN7_ORed_12_15_MB_IRQHandler
                0x010047ac       0x16 ./SDK/platform/drivers/src/flexcan/flexcan_irq.o
                0x010047ac                CAN7_ORed_12_15_MB_IRQHandler
 *fill*         0x010047c2        0x2 
 .text.CAN7_ORed_16_31_MB_IRQHandler
                0x010047c4       0x16 ./SDK/platform/drivers/src/flexcan/flexcan_irq.o
                0x010047c4                CAN7_ORed_16_31_MB_IRQHandler
 *fill*         0x010047da        0x2 
 .text.CAN7_ORed_32_63_MB_IRQHandler
                0x010047dc       0x16 ./SDK/platform/drivers/src/flexcan/flexcan_irq.o
                0x010047dc                CAN7_ORed_32_63_MB_IRQHandler
 *fill*         0x010047f2        0x2 
 .text.CAN7_ORed_64_95_MB_IRQHandler
                0x010047f4       0x16 ./SDK/platform/drivers/src/flexcan/flexcan_irq.o
                0x010047f4                CAN7_ORed_64_95_MB_IRQHandler
 *fill*         0x0100480a        0x2 
 .text.FLEXCAN_ComputePayloadSize
                0x0100480c       0x4c ./SDK/platform/drivers/src/flexcan/flexcan_hw_access.o
 .text.FLEXCAN_GetMaxMbNum
                0x01004858       0x30 ./SDK/platform/drivers/src/flexcan/flexcan_hw_access.o
                0x01004858                FLEXCAN_GetMaxMbNum
 .text.FLEXCAN_Enable
                0x01004888       0x24 ./SDK/platform/drivers/src/flexcan/flexcan_hw_access.o
                0x01004888                FLEXCAN_Enable
 .text.FLEXCAN_Disable
                0x010048ac       0x18 ./SDK/platform/drivers/src/flexcan/flexcan_hw_access.o
                0x010048ac                FLEXCAN_Disable
 .text.FLEXCAN_Init
                0x010048c4       0xbe ./SDK/platform/drivers/src/flexcan/flexcan_hw_access.o
                0x010048c4                FLEXCAN_Init
 *fill*         0x01004982        0x2 
 .text.FLEXCAN_EnableRxFifo
                0x01004984       0x6c ./SDK/platform/drivers/src/flexcan/flexcan_hw_access.o
                0x01004984                FLEXCAN_EnableRxFifo
 .text.FLEXCAN_SetMsgBuffIntCmd
                0x010049f0       0xd0 ./SDK/platform/drivers/src/flexcan/flexcan_hw_access.o
                0x010049f0                FLEXCAN_SetMsgBuffIntCmd
 .text.FLEXCAN_ExitFreezeMode
                0x01004ac0       0x16 ./SDK/platform/drivers/src/flexcan/flexcan_hw_access.o
                0x01004ac0                FLEXCAN_ExitFreezeMode
 *fill*         0x01004ad6        0x2 
 .text.FLEXCAN_EnterFreezeMode
                0x01004ad8       0x3c ./SDK/platform/drivers/src/flexcan/flexcan_hw_access.o
                0x01004ad8                FLEXCAN_EnterFreezeMode
 .text.FLEXCAN_ClearErrIntStatusFlag
                0x01004b14       0x1e ./SDK/platform/drivers/src/flexcan/flexcan_hw_access.o
                0x01004b14                FLEXCAN_ClearErrIntStatusFlag
 *fill*         0x01004b32        0x2 
 .text.FLEXCAN_ReadRxFifo
                0x01004b34       0x8a ./SDK/platform/drivers/src/flexcan/flexcan_hw_access.o
                0x01004b34                FLEXCAN_ReadRxFifo
 *fill*         0x01004bbe        0x2 
 .text.FLEXCAN_SetOperationMode
                0x01004bc0       0x70 ./SDK/platform/drivers/src/flexcan/flexcan_hw_access.o
                0x01004bc0                FLEXCAN_SetOperationMode
 .text.FLEXCAN_SetPayloadSize
                0x01004c30       0x4a ./SDK/platform/drivers/src/flexcan/flexcan_hw_access.o
                0x01004c30                FLEXCAN_SetPayloadSize
 *fill*         0x01004c7a        0x2 
 .text.FLEXCAN_GetPayloadSize
                0x01004c7c       0x1e ./SDK/platform/drivers/src/flexcan/flexcan_hw_access.o
                0x01004c7c                FLEXCAN_GetPayloadSize
 *fill*         0x01004c9a        0x2 
 .text.FLEXCAN_GetMsgBuffRegion
                0x01004c9c       0x50 ./SDK/platform/drivers/src/flexcan/flexcan_hw_access.o
                0x01004c9c                FLEXCAN_GetMsgBuffRegion
 .text.FLEXCAN_SetRxMsgBuff
                0x01004cec      0x100 ./SDK/platform/drivers/src/flexcan/flexcan_hw_access.o
                0x01004cec                FLEXCAN_SetRxMsgBuff
 .text.FLEXCAN_LockRxMsgBuff
                0x01004dec       0x16 ./SDK/platform/drivers/src/flexcan/flexcan_hw_access.o
                0x01004dec                FLEXCAN_LockRxMsgBuff
 *fill*         0x01004e02        0x2 
 .text.FLEXCAN_SetTxMsgBuff
                0x01004e04      0x1f0 ./SDK/platform/drivers/src/flexcan/flexcan_hw_access.o
                0x01004e04                FLEXCAN_SetTxMsgBuff
 .text.FLEXCAN_GetMsgBuff
                0x01004ff4       0xc4 ./SDK/platform/drivers/src/flexcan/flexcan_hw_access.o
                0x01004ff4                FLEXCAN_GetMsgBuff
 .text.FLEXCAN_SetMaxMsgBuffNum
                0x010050b8       0xf0 ./SDK/platform/drivers/src/flexcan/flexcan_hw_access.o
                0x010050b8                FLEXCAN_SetMaxMsgBuffNum
 .text.FLEXCAN_SetTimeSegments
                0x010051a8       0x4e ./SDK/platform/drivers/src/flexcan/flexcan_driver.o
 .text.FLEXCAN_SetExtendedTimeSegments
                0x010051f6       0x56 ./SDK/platform/drivers/src/flexcan/flexcan_driver.o
 .text.FLEXCAN_SetFDTimeSegments
                0x0100524c       0x5c ./SDK/platform/drivers/src/flexcan/flexcan_driver.o
 .text.FLEXCAN_GetMsgBuffIntStatusFlag
                0x010052a8       0x48 ./SDK/platform/drivers/src/flexcan/flexcan_driver.o
 .text.FLEXCAN_StartRxMessageBufferData
                0x010052f0       0xa4 ./SDK/platform/drivers/src/flexcan/flexcan_driver.o
 .text.FLEXCAN_CompleteRxMessageFifoData
                0x01005394       0xea ./SDK/platform/drivers/src/flexcan/flexcan_driver.o
 .text.FLEXCAN_CompleteTransfer
                0x0100547e       0x64 ./SDK/platform/drivers/src/flexcan/flexcan_driver.o
 *fill*         0x010054e2        0x2 
 .text.FLEXCAN_DRV_Init
                0x010054e4      0x3d8 ./SDK/platform/drivers/src/flexcan/flexcan_driver.o
                0x010054e4                FLEXCAN_DRV_Init
 .text.FLEXCAN_DRV_ConfigRxMb
                0x010058bc       0xce ./SDK/platform/drivers/src/flexcan/flexcan_driver.o
                0x010058bc                FLEXCAN_DRV_ConfigRxMb
 *fill*         0x0100598a        0x2 
 .text.FLEXCAN_DRV_Receive
                0x0100598c       0x22 ./SDK/platform/drivers/src/flexcan/flexcan_driver.o
                0x0100598c                FLEXCAN_DRV_Receive
 *fill*         0x010059ae        0x2 
 .text.FLEXCAN_IRQHandler
                0x010059b0      0x2a6 ./SDK/platform/drivers/src/flexcan/flexcan_driver.o
                0x010059b0                FLEXCAN_IRQHandler
 *fill*         0x01005c56        0x2 
 .text.FLEXCAN_Error_IRQHandler
                0x01005c58       0x52 ./SDK/platform/drivers/src/flexcan/flexcan_driver.o
                0x01005c58                FLEXCAN_Error_IRQHandler
 *fill*         0x01005caa        0x2 
 .text.FLEXCAN_WakeUpHandler
                0x01005cac       0x9c ./SDK/platform/drivers/src/flexcan/flexcan_driver.o
                0x01005cac                FLEXCAN_WakeUpHandler
 .text.FLEXCAN_DRV_GetTransferStatus
                0x01005d48       0x3c ./SDK/platform/drivers/src/flexcan/flexcan_driver.o
                0x01005d48                FLEXCAN_DRV_GetTransferStatus
 .text.DMA0_Ch0_IRQHandler
                0x01005d84       0x16 ./SDK/platform/drivers/src/edma/edma_irq.o
                0x01005d84                DMA0_Ch0_IRQHandler
 *fill*         0x01005d9a        0x2 
 .text.DMA0_Ch1_IRQHandler
                0x01005d9c       0x16 ./SDK/platform/drivers/src/edma/edma_irq.o
                0x01005d9c                DMA0_Ch1_IRQHandler
 *fill*         0x01005db2        0x2 
 .text.DMA0_Ch2_IRQHandler
                0x01005db4       0x16 ./SDK/platform/drivers/src/edma/edma_irq.o
                0x01005db4                DMA0_Ch2_IRQHandler
 *fill*         0x01005dca        0x2 
 .text.DMA0_Ch3_IRQHandler
                0x01005dcc       0x16 ./SDK/platform/drivers/src/edma/edma_irq.o
                0x01005dcc                DMA0_Ch3_IRQHandler
 *fill*         0x01005de2        0x2 
 .text.DMA0_Ch4_IRQHandler
                0x01005de4       0x16 ./SDK/platform/drivers/src/edma/edma_irq.o
                0x01005de4                DMA0_Ch4_IRQHandler
 *fill*         0x01005dfa        0x2 
 .text.DMA0_Ch5_IRQHandler
                0x01005dfc       0x16 ./SDK/platform/drivers/src/edma/edma_irq.o
                0x01005dfc                DMA0_Ch5_IRQHandler
 *fill*         0x01005e12        0x2 
 .text.DMA0_Ch6_IRQHandler
                0x01005e14       0x16 ./SDK/platform/drivers/src/edma/edma_irq.o
                0x01005e14                DMA0_Ch6_IRQHandler
 *fill*         0x01005e2a        0x2 
 .text.DMA0_Ch7_IRQHandler
                0x01005e2c       0x16 ./SDK/platform/drivers/src/edma/edma_irq.o
                0x01005e2c                DMA0_Ch7_IRQHandler
 *fill*         0x01005e42        0x2 
 .text.DMA0_Ch8_IRQHandler
                0x01005e44       0x16 ./SDK/platform/drivers/src/edma/edma_irq.o
                0x01005e44                DMA0_Ch8_IRQHandler
 *fill*         0x01005e5a        0x2 
 .text.DMA0_Ch9_IRQHandler
                0x01005e5c       0x16 ./SDK/platform/drivers/src/edma/edma_irq.o
                0x01005e5c                DMA0_Ch9_IRQHandler
 *fill*         0x01005e72        0x2 
 .text.DMA0_Ch10_IRQHandler
                0x01005e74       0x16 ./SDK/platform/drivers/src/edma/edma_irq.o
                0x01005e74                DMA0_Ch10_IRQHandler
 *fill*         0x01005e8a        0x2 
 .text.DMA0_Ch11_IRQHandler
                0x01005e8c       0x16 ./SDK/platform/drivers/src/edma/edma_irq.o
                0x01005e8c                DMA0_Ch11_IRQHandler
 *fill*         0x01005ea2        0x2 
 .text.DMA0_Ch12_IRQHandler
                0x01005ea4       0x16 ./SDK/platform/drivers/src/edma/edma_irq.o
                0x01005ea4                DMA0_Ch12_IRQHandler
 *fill*         0x01005eba        0x2 
 .text.DMA0_Ch13_IRQHandler
                0x01005ebc       0x16 ./SDK/platform/drivers/src/edma/edma_irq.o
                0x01005ebc                DMA0_Ch13_IRQHandler
 *fill*         0x01005ed2        0x2 
 .text.DMA0_Ch14_IRQHandler
                0x01005ed4       0x16 ./SDK/platform/drivers/src/edma/edma_irq.o
                0x01005ed4                DMA0_Ch14_IRQHandler
 *fill*         0x01005eea        0x2 
 .text.DMA0_Ch15_IRQHandler
                0x01005eec       0x16 ./SDK/platform/drivers/src/edma/edma_irq.o
                0x01005eec                DMA0_Ch15_IRQHandler
 *fill*         0x01005f02        0x2 
 .text.DMA0_Ch16_IRQHandler
                0x01005f04       0x16 ./SDK/platform/drivers/src/edma/edma_irq.o
                0x01005f04                DMA0_Ch16_IRQHandler
 *fill*         0x01005f1a        0x2 
 .text.DMA0_Ch17_IRQHandler
                0x01005f1c       0x16 ./SDK/platform/drivers/src/edma/edma_irq.o
                0x01005f1c                DMA0_Ch17_IRQHandler
 *fill*         0x01005f32        0x2 
 .text.DMA0_Ch18_IRQHandler
                0x01005f34       0x16 ./SDK/platform/drivers/src/edma/edma_irq.o
                0x01005f34                DMA0_Ch18_IRQHandler
 *fill*         0x01005f4a        0x2 
 .text.DMA0_Ch19_IRQHandler
                0x01005f4c       0x16 ./SDK/platform/drivers/src/edma/edma_irq.o
                0x01005f4c                DMA0_Ch19_IRQHandler
 *fill*         0x01005f62        0x2 
 .text.DMA0_Ch20_IRQHandler
                0x01005f64       0x16 ./SDK/platform/drivers/src/edma/edma_irq.o
                0x01005f64                DMA0_Ch20_IRQHandler
 *fill*         0x01005f7a        0x2 
 .text.DMA0_Ch21_IRQHandler
                0x01005f7c       0x16 ./SDK/platform/drivers/src/edma/edma_irq.o
                0x01005f7c                DMA0_Ch21_IRQHandler
 *fill*         0x01005f92        0x2 
 .text.DMA0_Ch22_IRQHandler
                0x01005f94       0x16 ./SDK/platform/drivers/src/edma/edma_irq.o
                0x01005f94                DMA0_Ch22_IRQHandler
 *fill*         0x01005faa        0x2 
 .text.DMA0_Ch23_IRQHandler
                0x01005fac       0x16 ./SDK/platform/drivers/src/edma/edma_irq.o
                0x01005fac                DMA0_Ch23_IRQHandler
 *fill*         0x01005fc2        0x2 
 .text.DMA0_Ch24_IRQHandler
                0x01005fc4       0x16 ./SDK/platform/drivers/src/edma/edma_irq.o
                0x01005fc4                DMA0_Ch24_IRQHandler
 *fill*         0x01005fda        0x2 
 .text.DMA0_Ch25_IRQHandler
                0x01005fdc       0x16 ./SDK/platform/drivers/src/edma/edma_irq.o
                0x01005fdc                DMA0_Ch25_IRQHandler
 *fill*         0x01005ff2        0x2 
 .text.DMA0_Ch26_IRQHandler
                0x01005ff4       0x16 ./SDK/platform/drivers/src/edma/edma_irq.o
                0x01005ff4                DMA0_Ch26_IRQHandler
 *fill*         0x0100600a        0x2 
 .text.DMA0_Ch27_IRQHandler
                0x0100600c       0x16 ./SDK/platform/drivers/src/edma/edma_irq.o
                0x0100600c                DMA0_Ch27_IRQHandler
 *fill*         0x01006022        0x2 
 .text.DMA0_Ch28_IRQHandler
                0x01006024       0x16 ./SDK/platform/drivers/src/edma/edma_irq.o
                0x01006024                DMA0_Ch28_IRQHandler
 *fill*         0x0100603a        0x2 
 .text.DMA0_Ch29_IRQHandler
                0x0100603c       0x16 ./SDK/platform/drivers/src/edma/edma_irq.o
                0x0100603c                DMA0_Ch29_IRQHandler
 *fill*         0x01006052        0x2 
 .text.DMA0_Ch30_IRQHandler
                0x01006054       0x16 ./SDK/platform/drivers/src/edma/edma_irq.o
                0x01006054                DMA0_Ch30_IRQHandler
 *fill*         0x0100606a        0x2 
 .text.DMA0_Ch31_IRQHandler
                0x0100606c       0x16 ./SDK/platform/drivers/src/edma/edma_irq.o
                0x0100606c                DMA0_Ch31_IRQHandler
 *fill*         0x01006082        0x2 
 .text.DMA0_Ch0_Ch31_Error_IRQHandler
                0x01006084       0x42 ./SDK/platform/drivers/src/edma/edma_irq.o
                0x01006084                DMA0_Ch0_Ch31_Error_IRQHandler
 *fill*         0x010060c6        0x2 
 .text.EDMA_GetErrorIntStatusFlag
                0x010060c8        0xa ./SDK/platform/drivers/src/edma/edma_hw_access.o
                0x010060c8                EDMA_GetErrorIntStatusFlag
 *fill*         0x010060d2        0x2 
 .text.EDMA_ClearErrorIntStatusFlag
                0x010060d4       0x12 ./SDK/platform/drivers/src/edma/edma_hw_access.o
                0x010060d4                EDMA_ClearErrorIntStatusFlag
 *fill*         0x010060e6        0x2 
 .text.EDMA_SetDmaRequestCmd
                0x010060e8       0x12 ./SDK/platform/drivers/src/edma/edma_hw_access.o
                0x010060e8                EDMA_SetDmaRequestCmd
 *fill*         0x010060fa        0x2 
 .text.EDMA_ClearDoneStatusFlag
                0x010060fc       0x12 ./SDK/platform/drivers/src/edma/edma_hw_access.o
                0x010060fc                EDMA_ClearDoneStatusFlag
 *fill*         0x0100610e        0x2 
 .text.EDMA_ClearIntStatusFlag
                0x01006110       0x12 ./SDK/platform/drivers/src/edma/edma_hw_access.o
                0x01006110                EDMA_ClearIntStatusFlag
 *fill*         0x01006122        0x2 
 .text.EDMA_DRV_IRQHandler
                0x01006124       0x52 ./SDK/platform/drivers/src/edma/edma_driver.o
                0x01006124                EDMA_DRV_IRQHandler
 *fill*         0x01006176        0x2 
 .text.EDMA_DRV_ErrorIRQHandler
                0x01006178       0x6c ./SDK/platform/drivers/src/edma/edma_driver.o
                0x01006178                EDMA_DRV_ErrorIRQHandler
 .text.EDMA_DRV_StopChannel
                0x010061e4       0x6c ./SDK/platform/drivers/src/edma/edma_driver.o
                0x010061e4                EDMA_DRV_StopChannel
 .text.EDMA_DRV_GetDmaRegBaseAddr
                0x01006250       0x12 ./SDK/platform/drivers/src/edma/edma_driver.o
                0x01006250                EDMA_DRV_GetDmaRegBaseAddr
 *fill*         0x01006262        0x2 
 .text.CLOCK_SYS_GetFircFreq
                0x01006264       0x1e ./SDK/platform/drivers/src/clock/MPC57xx/clock_MPC57xx.o
 *fill*         0x01006282        0x2 
 .text.CLOCK_SYS_GetFxoscFreq
                0x01006284       0x1e ./SDK/platform/drivers/src/clock/MPC57xx/clock_MPC57xx.o
 *fill*         0x010062a2        0x2 
 .text.CLOCK_SYS_CalculateFrequenciesOfClockSources
                0x010062a4      0x136 ./SDK/platform/drivers/src/clock/MPC57xx/clock_MPC57xx.o
 *fill*         0x010063da        0x2 
 .text.CLOCK_SYS_GetSystemClockFreq
                0x010063dc      0x1e6 ./SDK/platform/drivers/src/clock/MPC57xx/clock_MPC57xx.o
 *fill*         0x010065c2        0x2 
 .text.CLOCK_DRV_Init
                0x010065c4      0xb5a ./SDK/platform/drivers/src/clock/MPC57xx/clock_MPC57xx.o
                0x010065c4                CLOCK_DRV_Init
 *fill*         0x0100711e        0x2 
 .text.CLOCK_DRV_GetFreq
                0x01007120      0x444 ./SDK/platform/drivers/src/clock/MPC57xx/clock_MPC57xx.o
                0x01007120                CLOCK_DRV_GetFreq
 .text.CLOCK_SYS_Init
                0x01007564       0x4c ./SDK/platform/drivers/src/clock/MPC57xx/clock_MPC57xx.o
                0x01007564                CLOCK_SYS_Init
 .text.CLOCK_SYS_UpdateConfiguration
                0x010075b0      0x186 ./SDK/platform/drivers/src/clock/MPC57xx/clock_MPC57xx.o
                0x010075b0                CLOCK_SYS_UpdateConfiguration
 *fill*         0x01007736        0x2 
 .text.CLOCK_SYS_GetFreq
                0x01007738       0x14 ./SDK/platform/drivers/src/clock/MPC57xx/clock_MPC57xx.o
                0x01007738                CLOCK_SYS_GetFreq
 .text.init_data_bss
                0x0100774c       0xb8 ./SDK/platform/devices/startup.o
                0x0100774c                init_data_bss
 .text.SystemInit
                0x01007804       0x8e ./SDK/platform/devices/MPC5748G/startup/system_MPC5748G.o
                0x01007804                SystemInit
 .text.memcpy   0x01007892       0x3c C:/NXP/S32DS_Power_v2017.R1/S32DS/e200_ewl2/lib/e200z4/fp\libc99.a(memcpy.o)
                0x01007892                memcpy
 *(.init)
 *fill*         0x010078ce        0x2 
 .init          0x010078d0        0xc c:/nxp/s32ds_power_v2017.r1/cross_tools/powerpc-eabivle-4_9/bin/../lib/gcc/powerpc-eabivle/4.9.4/e200z4/fp/ecrti.o
                0x010078d0                __init
 .init          0x010078dc        0x4 c:/nxp/s32ds_power_v2017.r1/cross_tools/powerpc-eabivle-4_9/bin/../lib/gcc/powerpc-eabivle/4.9.4/e200z4/fp/crtbegin.o
 .init          0x010078e0        0x4 c:/nxp/s32ds_power_v2017.r1/cross_tools/powerpc-eabivle-4_9/bin/../lib/gcc/powerpc-eabivle/4.9.4/e200z4/fp/crtend.o
 .init          0x010078e4        0xa c:/nxp/s32ds_power_v2017.r1/cross_tools/powerpc-eabivle-4_9/bin/../lib/gcc/powerpc-eabivle/4.9.4/e200z4/fp/ecrtn.o
 *(.fini)
 *fill*         0x010078ee        0x2 
 .fini          0x010078f0        0xc c:/nxp/s32ds_power_v2017.r1/cross_tools/powerpc-eabivle-4_9/bin/../lib/gcc/powerpc-eabivle/4.9.4/e200z4/fp/ecrti.o
                0x010078f0                __fini
 .fini          0x010078fc        0x4 c:/nxp/s32ds_power_v2017.r1/cross_tools/powerpc-eabivle-4_9/bin/../lib/gcc/powerpc-eabivle/4.9.4/e200z4/fp/crtbegin.o
 .fini          0x01007900        0xa c:/nxp/s32ds_power_v2017.r1/cross_tools/powerpc-eabivle-4_9/bin/../lib/gcc/powerpc-eabivle/4.9.4/e200z4/fp/ecrtn.o
                0x01007910                . = ALIGN (0x10)
 *fill*         0x0100790a        0x6 

.glink          0x01007910        0x0
 .glink         0x01007910        0x0 c:/nxp/s32ds_power_v2017.r1/cross_tools/powerpc-eabivle-4_9/bin/../lib/gcc/powerpc-eabivle/4.9.4/e200z4/fp/crtbegin.o

.sdata2         0x01007910        0x4
                0x01007910                . = ALIGN (0x4)
                0x01007910                __sdata2_start__ = .
 *(.sdata2)
 .sdata2        0x01007910        0x0 c:/nxp/s32ds_power_v2017.r1/cross_tools/powerpc-eabivle-4_9/bin/../lib/gcc/powerpc-eabivle/4.9.4/e200z4/fp/ecrti.o
                0x01007910                __SDATA2_START__
 .sdata2        0x01007910        0x0 c:/nxp/s32ds_power_v2017.r1/cross_tools/powerpc-eabivle-4_9/bin/../lib/gcc/powerpc-eabivle/4.9.4/e200z4/fp/crtbegin.o
                0x0100f910                _SDA2_BASE_
 *(.sdata2.*)
 .sdata2.pit1_InitConfig
                0x01007910        0x3 ./Generated_Code/pit1.o
                0x01007910                pit1_InitConfig
                0x01007914                . = ALIGN (0x4)
 *fill*         0x01007913        0x1 
                0x01007914                __sdata2_end__ = .

.got2           0x01007914       0x1c
 *(.got2*)
 .got2          0x01007914       0x1c c:/nxp/s32ds_power_v2017.r1/cross_tools/powerpc-eabivle-4_9/bin/../lib/gcc/powerpc-eabivle/4.9.4/e200z4/fp\libgcc.a(eabivle.o)

.preinit_array  0x01007930        0x0
                [!provide]                PROVIDE (__preinit_array_start, .)
 *(.preinit_array)
                [!provide]                PROVIDE (__preinit_array_end, .)

.init_array     0x01007930        0x0
                [!provide]                PROVIDE (__init_array_start, .)
 *(SORT(.init_array.*))
 *(.init_array)
                [!provide]                PROVIDE (__init_array_end, .)

.dtors          0x01007930        0x8
 *crtbegin.o(.dtors)
 .dtors         0x01007930        0x4 c:/nxp/s32ds_power_v2017.r1/cross_tools/powerpc-eabivle-4_9/bin/../lib/gcc/powerpc-eabivle/4.9.4/e200z4/fp/crtbegin.o
 *crtbegin?.o(.dtors)
 *(EXCLUDE_FILE(*crtend?.o *crtend.o) .dtors)
 .dtors         0x01007934        0x0 c:/nxp/s32ds_power_v2017.r1/cross_tools/powerpc-eabivle-4_9/bin/../lib/gcc/powerpc-eabivle/4.9.4/e200z4/fp/ecrti.o
                0x01007934                __DTOR_LIST__
 .dtors         0x01007934        0x0 c:/nxp/s32ds_power_v2017.r1/cross_tools/powerpc-eabivle-4_9/bin/../lib/gcc/powerpc-eabivle/4.9.4/e200z4/fp/ecrtn.o
 *(SORT(.dtors.*))
 *(.dtors)
 .dtors         0x01007934        0x4 c:/nxp/s32ds_power_v2017.r1/cross_tools/powerpc-eabivle-4_9/bin/../lib/gcc/powerpc-eabivle/4.9.4/e200z4/fp/crtend.o
                0x01007934                __DTOR_END__

.ctors          0x01007938        0x8
 *crtbegin.o(.ctors)
 .ctors         0x01007938        0x4 c:/nxp/s32ds_power_v2017.r1/cross_tools/powerpc-eabivle-4_9/bin/../lib/gcc/powerpc-eabivle/4.9.4/e200z4/fp/crtbegin.o
 *crtbegin?.o(.ctors)
 *(EXCLUDE_FILE(*crtend?.o *crtend.o) .ctors)
 .ctors         0x0100793c        0x0 c:/nxp/s32ds_power_v2017.r1/cross_tools/powerpc-eabivle-4_9/bin/../lib/gcc/powerpc-eabivle/4.9.4/e200z4/fp/ecrti.o
                0x0100793c                __CTOR_LIST__
 .ctors         0x0100793c        0x0 c:/nxp/s32ds_power_v2017.r1/cross_tools/powerpc-eabivle-4_9/bin/../lib/gcc/powerpc-eabivle/4.9.4/e200z4/fp/ecrtn.o
                0x0100793c                __CTOR_END__
 *(SORT(.ctors.*))
 *(.ctors)
 .ctors         0x0100793c        0x4 c:/nxp/s32ds_power_v2017.r1/cross_tools/powerpc-eabivle-4_9/bin/../lib/gcc/powerpc-eabivle/4.9.4/e200z4/fp/crtend.o

.fini_array     0x01007940        0x0
                [!provide]                PROVIDE (__fini_array_start, .)
 *(SORT(.fini_array.*))
 *(.fini_array)
                [!provide]                PROVIDE (__fini_array_end, .)

.rodata         0x01007940      0xb74
 *(.rodata)
 .rodata        0x01007940       0x44 ./SDK/platform/drivers/src/pit/pit_driver.o
 .rodata        0x01007984       0x10 ./SDK/platform/drivers/src/flexcan/flexcan_driver.o
 *(.rodata.*)
 .rodata.FLEXCAN_ComputePayloadSize
                0x01007994       0x1c ./SDK/platform/drivers/src/flexcan/flexcan_hw_access.o
 .rodata.FLEXCAN_SetOperationMode
                0x010079b0       0x14 ./SDK/platform/drivers/src/flexcan/flexcan_hw_access.o
 .rodata.flexcanBase.5515
                0x010079c4       0x20 ./SDK/platform/drivers/src/flexcan/flexcan_hw_access.o
 .rodata.maxMbNum.5516
                0x010079e4       0x20 ./SDK/platform/drivers/src/flexcan/flexcan_hw_access.o
 .rodata.payload_code.5496
                0x01007a04       0x41 ./SDK/platform/drivers/src/flexcan/flexcan_hw_access.o
 *fill*         0x01007a45        0x3 
 .rodata.g_flexcanBusOffIrqId
                0x01007a48       0x20 ./SDK/platform/drivers/src/flexcan/flexcan_driver.o
 .rodata.g_flexcanErrorIrqId
                0x01007a68       0x20 ./SDK/platform/drivers/src/flexcan/flexcan_driver.o
 .rodata.g_flexcanOredMessageBufferIrqId
                0x01007a88       0xe0 ./SDK/platform/drivers/src/flexcan/flexcan_driver.o
 .rodata.g_flexcanBase
                0x01007b68       0x20 ./SDK/platform/drivers/src/flexcan/flexcan_driver.o
 .rodata.g_flexcanWakeUpIrqId
                0x01007b88       0x20 ./SDK/platform/drivers/src/flexcan/flexcan_driver.o
 .rodata.CLOCK_DRV_Init
                0x01007ba8      0x100 ./SDK/platform/drivers/src/clock/MPC57xx/clock_MPC57xx.o
 .rodata.CLOCK_DRV_GetFreq
                0x01007ca8       0x6c ./SDK/platform/drivers/src/clock/MPC57xx/clock_MPC57xx.o
 .rodata.interfaceClocks
                0x01007d14      0x214 ./SDK/platform/drivers/src/clock/MPC57xx/clock_MPC57xx.o
 .rodata.monitoredClocks
                0x01007f28      0x214 ./SDK/platform/drivers/src/clock/MPC57xx/clock_MPC57xx.o
 .rodata.clockNameMappings
                0x0100813c      0x10a ./SDK/platform/drivers/src/clock/MPC57xx/clock_MPC57xx.o
                0x0100813c                clockNameMappings
 *fill*         0x01008246        0x2 
 .rodata.s_vectors
                0x01008248        0xc ./SDK/platform/devices/startup.o
 .rodata.canCom8_InitConfig0
                0x01008254       0x4c ./Generated_Code/canCom8.o
                0x01008254                canCom8_InitConfig0
 .rodata.canCom7_InitConfig0
                0x010082a0       0x4c ./Generated_Code/canCom7.o
                0x010082a0                canCom7_InitConfig0
 .rodata.canCom6_InitConfig0
                0x010082ec       0x4c ./Generated_Code/canCom6.o
                0x010082ec                canCom6_InitConfig0
 .rodata.canCom5_InitConfig0
                0x01008338       0x4c ./Generated_Code/canCom5.o
                0x01008338                canCom5_InitConfig0
 .rodata.canCom4_InitConfig0
                0x01008384       0x4c ./Generated_Code/canCom4.o
                0x01008384                canCom4_InitConfig0
 .rodata.canCom3_InitConfig0
                0x010083d0       0x4c ./Generated_Code/canCom3.o
                0x010083d0                canCom3_InitConfig0
 .rodata.canCom2_InitConfig0
                0x0100841c       0x4c ./Generated_Code/canCom2.o
                0x0100841c                canCom2_InitConfig0
 .rodata.canCom1_InitConfig0
                0x01008468       0x4c ./Generated_Code/canCom1.o
                0x01008468                canCom1_InitConfig0

.sbss2          0x010084b4        0x0
 .sbss2         0x010084b4        0x0 c:/nxp/s32ds_power_v2017.r1/cross_tools/powerpc-eabivle-4_9/bin/../lib/gcc/powerpc-eabivle/4.9.4/e200z4/fp/ecrtn.o

.eh_frame_hdr   0x010084b4       0x14
 *(.eh_frame_hdr)
 .eh_frame_hdr  0x010084b4       0x14 c:/nxp/s32ds_power_v2017.r1/cross_tools/powerpc-eabivle-4_9/bin/../lib/gcc/powerpc-eabivle/4.9.4/e200z4/fp\libgcc.a(_udivdi3.o)
                0x010084b4                __GNU_EH_FRAME_HDR

.eh_frame       0x010084c8       0x50
 *(.eh_frame)
 .eh_frame      0x010084c8        0x0 c:/nxp/s32ds_power_v2017.r1/cross_tools/powerpc-eabivle-4_9/bin/../lib/gcc/powerpc-eabivle/4.9.4/e200z4/fp/ecrti.o
                0x010084c8                __EH_FRAME_BEGIN__
 .eh_frame      0x010084c8        0x0 c:/nxp/s32ds_power_v2017.r1/cross_tools/powerpc-eabivle-4_9/bin/../lib/gcc/powerpc-eabivle/4.9.4/e200z4/fp/crtbegin.o
 .eh_frame      0x010084c8        0x0 c:/nxp/s32ds_power_v2017.r1/cross_tools/powerpc-eabivle-4_9/bin/../lib/gcc/powerpc-eabivle/4.9.4/e200z4/fp/crtbegin.o
 .eh_frame      0x010084c8       0x48 c:/nxp/s32ds_power_v2017.r1/cross_tools/powerpc-eabivle-4_9/bin/../lib/gcc/powerpc-eabivle/4.9.4/e200z4/fp\libgcc.a(_udivdi3.o)
 .eh_frame      0x01008510        0x4 c:/nxp/s32ds_power_v2017.r1/cross_tools/powerpc-eabivle-4_9/bin/../lib/gcc/powerpc-eabivle/4.9.4/e200z4/fp/crtend.o
 .eh_frame      0x01008514        0x4 c:/nxp/s32ds_power_v2017.r1/cross_tools/powerpc-eabivle-4_9/bin/../lib/gcc/powerpc-eabivle/4.9.4/e200z4/fp/ecrtn.o
                0x01008514                __EH_FRAME_END__

.init_table     0x01008518       0x40
                0x01008518                . = ALIGN (0x4)
                0x01008518                __COPY_TABLE = .
 *(.init_table)
 .init_table    0x01008518       0x40 ./Project_Settings/Startup_Code/startup_MPC5748G.o

.zero_table     0x01008558       0x14
                0x01008558                . = ALIGN (0x4)
                0x01008558                __ZERO_TABLE = .
 *(.zero_table)
 .zero_table    0x01008558       0x14 ./Project_Settings/Startup_Code/startup_MPC5748G.o
                0x0100856c                __TEXT_END = .

.rela.dyn       0x0100856c        0x0
 .rela.iplt     0x0100856c        0x0 c:/nxp/s32ds_power_v2017.r1/cross_tools/powerpc-eabivle-4_9/bin/../lib/gcc/powerpc-eabivle/4.9.4/e200z4/fp/crtbegin.o
 .rela.text     0x0100856c        0x0 c:/nxp/s32ds_power_v2017.r1/cross_tools/powerpc-eabivle-4_9/bin/../lib/gcc/powerpc-eabivle/4.9.4/e200z4/fp/crtbegin.o
 .rela.text.PIT_Ch0_IRQHandler
                0x0100856c        0x0 c:/nxp/s32ds_power_v2017.r1/cross_tools/powerpc-eabivle-4_9/bin/../lib/gcc/powerpc-eabivle/4.9.4/e200z4/fp/crtbegin.o
 .rela.text.PIT_Ch1_IRQHandler
                0x0100856c        0x0 c:/nxp/s32ds_power_v2017.r1/cross_tools/powerpc-eabivle-4_9/bin/../lib/gcc/powerpc-eabivle/4.9.4/e200z4/fp/crtbegin.o
 .rela.text.PIT_Ch2_IRQHandler
                0x0100856c        0x0 c:/nxp/s32ds_power_v2017.r1/cross_tools/powerpc-eabivle-4_9/bin/../lib/gcc/powerpc-eabivle/4.9.4/e200z4/fp/crtbegin.o
 .rela.text.PIT_Ch3_IRQHandler
                0x0100856c        0x0 c:/nxp/s32ds_power_v2017.r1/cross_tools/powerpc-eabivle-4_9/bin/../lib/gcc/powerpc-eabivle/4.9.4/e200z4/fp/crtbegin.o
 .rela.text.PIT_Ch4_IRQHandler
                0x0100856c        0x0 c:/nxp/s32ds_power_v2017.r1/cross_tools/powerpc-eabivle-4_9/bin/../lib/gcc/powerpc-eabivle/4.9.4/e200z4/fp/crtbegin.o
 .rela.text.PIT_Ch5_IRQHandler
                0x0100856c        0x0 c:/nxp/s32ds_power_v2017.r1/cross_tools/powerpc-eabivle-4_9/bin/../lib/gcc/powerpc-eabivle/4.9.4/e200z4/fp/crtbegin.o
 .rela.text.PIT_Ch6_IRQHandler
                0x0100856c        0x0 c:/nxp/s32ds_power_v2017.r1/cross_tools/powerpc-eabivle-4_9/bin/../lib/gcc/powerpc-eabivle/4.9.4/e200z4/fp/crtbegin.o
 .rela.text.PIT_Ch7_IRQHandler
                0x0100856c        0x0 c:/nxp/s32ds_power_v2017.r1/cross_tools/powerpc-eabivle-4_9/bin/../lib/gcc/powerpc-eabivle/4.9.4/e200z4/fp/crtbegin.o
 .rela.text.BoardInit
                0x0100856c        0x0 c:/nxp/s32ds_power_v2017.r1/cross_tools/powerpc-eabivle-4_9/bin/../lib/gcc/powerpc-eabivle/4.9.4/e200z4/fp/crtbegin.o
 .rela.text.PIT_FlexCan_Init
                0x0100856c        0x0 c:/nxp/s32ds_power_v2017.r1/cross_tools/powerpc-eabivle-4_9/bin/../lib/gcc/powerpc-eabivle/4.9.4/e200z4/fp/crtbegin.o
 .rela.text.INT_SYS_InstallHandler
                0x0100856c        0x0 c:/nxp/s32ds_power_v2017.r1/cross_tools/powerpc-eabivle-4_9/bin/../lib/gcc/powerpc-eabivle/4.9.4/e200z4/fp/crtbegin.o
 .rela.text.init_data_bss
                0x0100856c        0x0 c:/nxp/s32ds_power_v2017.r1/cross_tools/powerpc-eabivle-4_9/bin/../lib/gcc/powerpc-eabivle/4.9.4/e200z4/fp/crtbegin.o
 .rela.text.SystemInit
                0x0100856c        0x0 c:/nxp/s32ds_power_v2017.r1/cross_tools/powerpc-eabivle-4_9/bin/../lib/gcc/powerpc-eabivle/4.9.4/e200z4/fp/crtbegin.o
 .rela.init_table
                0x0100856c        0x0 c:/nxp/s32ds_power_v2017.r1/cross_tools/powerpc-eabivle-4_9/bin/../lib/gcc/powerpc-eabivle/4.9.4/e200z4/fp/crtbegin.o
 .rela.zero_table
                0x0100856c        0x0 c:/nxp/s32ds_power_v2017.r1/cross_tools/powerpc-eabivle-4_9/bin/../lib/gcc/powerpc-eabivle/4.9.4/e200z4/fp/crtbegin.o
 .rela.cpu0_reset_vector
                0x0100856c        0x0 c:/nxp/s32ds_power_v2017.r1/cross_tools/powerpc-eabivle-4_9/bin/../lib/gcc/powerpc-eabivle/4.9.4/e200z4/fp/crtbegin.o
 .rela.intc_vector_table
                0x0100856c        0x0 c:/nxp/s32ds_power_v2017.r1/cross_tools/powerpc-eabivle-4_9/bin/../lib/gcc/powerpc-eabivle/4.9.4/e200z4/fp/crtbegin.o
 .rela.got2     0x0100856c        0x0 c:/nxp/s32ds_power_v2017.r1/cross_tools/powerpc-eabivle-4_9/bin/../lib/gcc/powerpc-eabivle/4.9.4/e200z4/fp/crtbegin.o

.interrupts_ram
                0x40000000      0xc00
                0x40000000                __VECTOR_RAM = .
 *(.m_interrupts_ram)
                0x40000c00                . = (. + __RAM_VECTOR_TABLE_SIZE)
 *fill*         0x40000000      0xc00 
                0x0100856c                __CUSTOM_ROM = __TEXT_END

.customSectionBlock
                0x40000c00        0x0 load address 0x0100856c
                0x40000c00                . = ALIGN (0x4)
                0x40000c00                __CUSTOM_RAM = .
                0x40000c00                __customSectionStart = .
                0x40000c00                __customSection_start__ = .
 *(.customSection)
                0x40000c00                . = ALIGN (0x4)
                0x40000c00                __customSection_end__ = .
                0x40000c00                __customSectionEnd = .
                0x0100856c                __CUSTOM_END = (__CUSTOM_ROM + (__customSection_end__ - __customSection_start__))
                0x0100856c                __DATA_ROM = __CUSTOM_END

.data           0x40000c00     0x1388 load address 0x0100856c
                0x40000c00                . = ALIGN (0x4)
                0x40000c00                __DATA_RAM = .
                0x40000c00                __data_start__ = .
 *(.data)
 .data          0x40000c00        0x4 c:/nxp/s32ds_power_v2017.r1/cross_tools/powerpc-eabivle-4_9/bin/../lib/gcc/powerpc-eabivle/4.9.4/e200z4/fp\libgcc.a(eabivle.o)
 *(.data.*)
 .data.pit1_ChnConfig0
                0x40000c04       0x10 ./Generated_Code/pit1.o
                0x40000c04                pit1_ChnConfig0
 .data.pit1_ChnConfig1
                0x40000c14       0x10 ./Generated_Code/pit1.o
                0x40000c14                pit1_ChnConfig1
 .data.pit1_ChnConfig2
                0x40000c24       0x10 ./Generated_Code/pit1.o
                0x40000c24                pit1_ChnConfig2
 .data.pit1_ChnConfig4
                0x40000c34       0x10 ./Generated_Code/pit1.o
                0x40000c34                pit1_ChnConfig4
 .data.pit1_ChnConfig5
                0x40000c44       0x10 ./Generated_Code/pit1.o
                0x40000c44                pit1_ChnConfig5
 .data.pit1_ChnConfig6
                0x40000c54       0x10 ./Generated_Code/pit1.o
                0x40000c54                pit1_ChnConfig6
 .data.pit1_ChnConfig7
                0x40000c64       0x10 ./Generated_Code/pit1.o
                0x40000c64                pit1_ChnConfig7
 .data.pit1_ChnConfig3
                0x40000c74       0x10 ./Generated_Code/pit1.o
                0x40000c74                pit1_ChnConfig3
 .data.g_pin_mux_InitConfigArr
                0x40000c84      0xffc ./Generated_Code/pin_mux.o
                0x40000c84                g_pin_mux_InitConfigArr
 .data.peripheralClockMcMeConfig0
                0x40001c80       0xc0 ./Generated_Code/clockMan1.o
                0x40001c80                peripheralClockMcMeConfig0
 .data.clockMan1_InitConfig0
                0x40001d40      0x248 ./Generated_Code/clockMan1.o
                0x40001d40                clockMan1_InitConfig0
                0x40001f88                . = ALIGN (0x4)
                0x40001f88                __data_end__ = .
                0x010098f4                __DATA_END = (__DATA_ROM + (__data_end__ - __data_start__))
                0x010098f4                __SDATA_ROM = __DATA_END

.jcr            0x40001f88        0x0 load address 0x010098f4
 .jcr           0x40001f88        0x0 c:/nxp/s32ds_power_v2017.r1/cross_tools/powerpc-eabivle-4_9/bin/../lib/gcc/powerpc-eabivle/4.9.4/e200z4/fp/crtbegin.o

.tm_clone_table
                0x40001f88        0x0 load address 0x010098f4
 .tm_clone_table
                0x40001f88        0x0 c:/nxp/s32ds_power_v2017.r1/cross_tools/powerpc-eabivle-4_9/bin/../lib/gcc/powerpc-eabivle/4.9.4/e200z4/fp/crtbegin.o
 .tm_clone_table
                0x40001f88        0x0 c:/nxp/s32ds_power_v2017.r1/cross_tools/powerpc-eabivle-4_9/bin/../lib/gcc/powerpc-eabivle/4.9.4/e200z4/fp/crtend.o

.sdata          0x40001f88        0xc load address 0x010098f4
                0x40001f88                . = ALIGN (0x4)
                0x40001f88                __SDATA_RAM = .
                0x40001f88                __sdata_start__ = .
 *(.sdata)
 .sdata         0x40001f88        0x0 c:/nxp/s32ds_power_v2017.r1/cross_tools/powerpc-eabivle-4_9/bin/../lib/gcc/powerpc-eabivle/4.9.4/e200z4/fp/ecrti.o
                0x40001f88                __SDATA_START__
 .sdata         0x40001f88        0x0 c:/nxp/s32ds_power_v2017.r1/cross_tools/powerpc-eabivle-4_9/bin/../lib/gcc/powerpc-eabivle/4.9.4/e200z4/fp/crtbegin.o
                0x40009f88                _SDA_BASE_
 *(.sdata.*)
 .sdata.g_xtal0ClkFreq
                0x40001f88        0x4 ./SDK/platform/drivers/src/clock/MPC57xx/clock_MPC57xx.o
                0x40001f88                g_xtal0ClkFreq
 .sdata.g_xtal1ClkFreq
                0x40001f8c        0x4 ./SDK/platform/drivers/src/clock/MPC57xx/clock_MPC57xx.o
                0x40001f8c                g_xtal1ClkFreq
 .sdata.g_clockManConfigsArr
                0x40001f90        0x4 ./Generated_Code/clockMan1.o
                0x40001f90                g_clockManConfigsArr
                0x40001f94                . = ALIGN (0x4)
                0x40001f94                __sdata_end__ = .
                0x01009900                __SDATA_END = (__SDATA_ROM + (__sdata_end__ - __sdata_start__))

.sbss           0x40001f94       0x4c load address 0x01009900
                0x40001f94                . = ALIGN (0x4)
                0x40001f94                __SBSS_START = .
                0x40001f94                __sbss_start__ = .
 *(.sbss)
 .sbss          0x40001f94        0x0 c:/nxp/s32ds_power_v2017.r1/cross_tools/powerpc-eabivle-4_9/bin/../lib/gcc/powerpc-eabivle/4.9.4/e200z4/fp/ecrtn.o
                0x40001f94                __SBSS_END__
 *(.sbss.*)
 .sbss.can_tx_periodic_flag
                0x40001f94        0x8 ./Sources/main.o
                0x40001f94                can_tx_periodic_flag
 .sbss.s_rtiSourceClock
                0x40001f9c        0x4 ./SDK/platform/drivers/src/pit/pit_driver.o
 .sbss.s_pitSourceClock
                0x40001fa0        0x4 ./SDK/platform/drivers/src/pit/pit_driver.o
 .sbss.g_interruptDisableCount
                0x40001fa4        0x4 ./SDK/platform/drivers/src/interrupt/interrupt_manager_MPC57xx.o
 .sbss.s_virtEdmaState
                0x40001fa8        0x4 ./SDK/platform/drivers/src/edma/edma_driver.o
 .sbss.g_pllPhi1ClkFreq
                0x40001fac        0x4 ./SDK/platform/drivers/src/clock/MPC57xx/clock_MPC57xx.o
 .sbss.g_enetRmiiClkFreq
                0x40001fb0        0x4 ./SDK/platform/drivers/src/clock/MPC57xx/clock_MPC57xx.o
 .sbss.g_fircClkUndividedFreq
                0x40001fb4        0x4 ./SDK/platform/drivers/src/clock/MPC57xx/clock_MPC57xx.o
 .sbss.g_sircClkUndividedFreq
                0x40001fb8        0x4 ./SDK/platform/drivers/src/clock/MPC57xx/clock_MPC57xx.o
 .sbss.g_fircClkFreq
                0x40001fbc        0x4 ./SDK/platform/drivers/src/clock/MPC57xx/clock_MPC57xx.o
 .sbss.g_sxoscClkFreq
                0x40001fc0        0x4 ./SDK/platform/drivers/src/clock/MPC57xx/clock_MPC57xx.o
 .sbss.g_pllPhi0ClkFreq
                0x40001fc4        0x4 ./SDK/platform/drivers/src/clock/MPC57xx/clock_MPC57xx.o
 .sbss.g_sircClkFreq
                0x40001fc8        0x4 ./SDK/platform/drivers/src/clock/MPC57xx/clock_MPC57xx.o
 .sbss.clockSourceFrequenciesAreCalculatedAndCached.6272
                0x40001fcc        0x1 ./SDK/platform/drivers/src/clock/MPC57xx/clock_MPC57xx.o
 *fill*         0x40001fcd        0x3 
 .sbss.g_sxoscClkUndividedFreq
                0x40001fd0        0x4 ./SDK/platform/drivers/src/clock/MPC57xx/clock_MPC57xx.o
 .sbss.g_fxoscClkUndividedFreq
                0x40001fd4        0x4 ./SDK/platform/drivers/src/clock/MPC57xx/clock_MPC57xx.o
 .sbss.g_fxoscClkFreq
                0x40001fd8        0x4 ./SDK/platform/drivers/src/clock/MPC57xx/clock_MPC57xx.o
 .sbss.g_clockManCallbacksArr
                0x40001fdc        0x4 ./Generated_Code/clockMan1.o
                0x40001fdc                g_clockManCallbacksArr
                0x40001fe0                . = ALIGN (0x4)
                0x40001fe0                __sbss_end__ = .
                0x40001fe0                __SBSS_END = .

.bss            0x40001fe0     0x3110 load address 0x0100994c
                0x40001fe0                . = ALIGN (0x4)
                0x40001fe0                __BSS_START = .
                0x40001fe0                __bss_start__ = .
 *(.bss)
 .bss           0x40001fe0       0x20 c:/nxp/s32ds_power_v2017.r1/cross_tools/powerpc-eabivle-4_9/bin/../lib/gcc/powerpc-eabivle/4.9.4/e200z4/fp/crtbegin.o
 *(.bss.*)
 .bss.g_flexcanStatePtr
                0x40002000       0x20 ./SDK/platform/drivers/src/flexcan/flexcan_driver.o
 .bss.g_clockState
                0x40002020       0x10 ./SDK/platform/drivers/src/clock/MPC57xx/clock_MPC57xx.o
 .bss.canCom8_State
                0x40002030      0x618 ./Generated_Code/canCom8.o
                0x40002030                canCom8_State
 .bss.canCom7_State
                0x40002648      0x618 ./Generated_Code/canCom7.o
                0x40002648                canCom7_State
 .bss.canCom6_State
                0x40002c60      0x618 ./Generated_Code/canCom6.o
                0x40002c60                canCom6_State
 .bss.canCom5_State
                0x40003278      0x618 ./Generated_Code/canCom5.o
                0x40003278                canCom5_State
 .bss.canCom4_State
                0x40003890      0x618 ./Generated_Code/canCom4.o
                0x40003890                canCom4_State
 .bss.canCom3_State
                0x40003ea8      0x618 ./Generated_Code/canCom3.o
                0x40003ea8                canCom3_State
 .bss.canCom2_State
                0x400044c0      0x618 ./Generated_Code/canCom2.o
                0x400044c0                canCom2_State
 .bss.canCom1_State
                0x40004ad8      0x618 ./Generated_Code/canCom1.o
                0x40004ad8                canCom1_State
 *(COMMON)
                0x400050f0                . = ALIGN (0x4)
                0x400050f0                __bss_end__ = .
                0x400050f0                __BSS_END = .
                0x01009900                __CODE_ROM = __SDATA_END

.iplt           0x400050f0        0x0 load address 0x0100ca60
 .iplt          0x400050f0        0x0 c:/nxp/s32ds_power_v2017.r1/cross_tools/powerpc-eabivle-4_9/bin/../lib/gcc/powerpc-eabivle/4.9.4/e200z4/fp/crtbegin.o

.code           0x400050f0        0x0 load address 0x01009900
                0x400050f0                . = ALIGN (0x4)
                0x400050f0                __CODE_RAM = .
                0x400050f0                __code_start__ = .
                0x400050f0                __code_ram_start__ = .
 *(.code_ram)
                0x400050f0                . = ALIGN (0x4)
                0x400050f0                __code_ram_end__ = .
                0x400050f0                __code_end__ = .
                0x01009900                __CODE_END = (__CODE_ROM + (__code_end__ - __code_start__))

.stack          0x400050f0     0x1000 load address 0x0100ca60
                0x400050f0                __HEAP = .
                [!provide]                PROVIDE (_end, .)
                [!provide]                PROVIDE (end, .)
                0x400050f0                . = (. + __HEAP_SIZE)
                0x400050f0                __HEAP_END = .
                0x400050f0                _stack_end = .
                0x400060f0                . = (. + __STACK_SIZE)
 *fill*         0x400050f0     0x1000 
                0x400060f0                . = ALIGN (0x4)
                0x400060f0                _stack_addr = .
                0x400060f0                __SP_INIT = .
                0x00040000                __SRAM_SIZE = SRAM_SIZE
                0x40000000                __SRAM_BASE_ADDR = SRAM_BASE_ADDR
                0x00003110                __BSS_SIZE = (__BSS_END - __BSS_START)
OUTPUT(CAN_FD_PIT_MPC5748G_GW_RDB_2.elf elf32-powerpc)

.comment        0x00000000      0x12a
 .comment       0x00000000        0xd c:/nxp/s32ds_power_v2017.r1/cross_tools/powerpc-eabivle-4_9/bin/../lib/gcc/powerpc-eabivle/4.9.4/e200z4/fp/ecrti.o
                                  0xe (size before relaxing)
 .comment       0x0000000d       0x82 c:/nxp/s32ds_power_v2017.r1/cross_tools/powerpc-eabivle-4_9/bin/../lib/gcc/powerpc-eabivle/4.9.4/e200z4/fp/crtbegin.o
                                 0x83 (size before relaxing)
 .comment       0x0000008f       0x83 ./Sources/main.o
 .comment       0x0000008f       0x83 ./SDK/rtos/osif/osif_baremetal.o
 .comment       0x0000008f       0x83 ./SDK/platform/drivers/src/pit/pit_hw_access.o
 .comment       0x0000008f       0x83 ./SDK/platform/drivers/src/pit/pit_driver.o
 .comment       0x0000008f       0x83 ./SDK/platform/drivers/src/pins/siul2/siul2_hw_access.o
 .comment       0x0000008f       0x83 ./SDK/platform/drivers/src/pins/siul2/pins_siul2_driver.o
 .comment       0x0000008f       0x83 ./SDK/platform/drivers/src/interrupt/interrupt_manager_MPC57xx.o
 .comment       0x0000008f       0x83 ./SDK/platform/drivers/src/flexcan/flexcan_irq.o
 .comment       0x0000008f       0x83 ./SDK/platform/drivers/src/flexcan/flexcan_hw_access.o
 .comment       0x0000008f       0x83 ./SDK/platform/drivers/src/flexcan/flexcan_driver.o
 .comment       0x0000008f       0x83 ./SDK/platform/drivers/src/edma/edma_irq.o
 .comment       0x0000008f       0x83 ./SDK/platform/drivers/src/edma/edma_hw_access.o
 .comment       0x0000008f       0x83 ./SDK/platform/drivers/src/edma/edma_driver.o
 .comment       0x0000008f       0x83 ./SDK/platform/drivers/src/clock/MPC57xx/clock_MPC57xx.o
 .comment       0x0000008f       0x83 ./SDK/platform/devices/startup.o
 .comment       0x0000008f       0x83 ./SDK/platform/devices/MPC5748G/startup/system_MPC5748G.o
 .comment       0x0000008f       0x83 ./Generated_Code/pit1.o
 .comment       0x0000008f       0x83 ./Generated_Code/pin_mux.o
 .comment       0x0000008f       0x83 ./Generated_Code/clockMan1.o
 .comment       0x0000008f       0x83 ./Generated_Code/canCom8.o
 .comment       0x0000008f       0x83 ./Generated_Code/canCom7.o
 .comment       0x0000008f       0x83 ./Generated_Code/canCom6.o
 .comment       0x0000008f       0x83 ./Generated_Code/canCom5.o
 .comment       0x0000008f       0x83 ./Generated_Code/canCom4.o
 .comment       0x0000008f       0x83 ./Generated_Code/canCom3.o
 .comment       0x0000008f       0x83 ./Generated_Code/canCom2.o
 .comment       0x0000008f       0x83 ./Generated_Code/canCom1.o
 .comment       0x0000008f       0x8e C:/NXP/S32DS_Power_v2017.R1/S32DS/e200_ewl2/lib/e200z4/fp\libc99.a(memcpy.o)
                                 0x8f (size before relaxing)
 .comment       0x0000011d       0x83 c:/nxp/s32ds_power_v2017.r1/cross_tools/powerpc-eabivle-4_9/bin/../lib/gcc/powerpc-eabivle/4.9.4/e200z4/fp/crtend.o
 .comment       0x0000011d        0xd c:/nxp/s32ds_power_v2017.r1/cross_tools/powerpc-eabivle-4_9/bin/../lib/gcc/powerpc-eabivle/4.9.4/e200z4/fp/ecrtn.o
                                  0xe (size before relaxing)

.PPC.EMB.apuinfo
                0x00000000       0x1c
 .PPC.EMB.apuinfo
                0x00000000       0x18 c:/nxp/s32ds_power_v2017.r1/cross_tools/powerpc-eabivle-4_9/bin/../lib/gcc/powerpc-eabivle/4.9.4/e200z4/fp/ecrti.o
 .PPC.EMB.apuinfo
                0x00000018       0x18 c:/nxp/s32ds_power_v2017.r1/cross_tools/powerpc-eabivle-4_9/bin/../lib/gcc/powerpc-eabivle/4.9.4/e200z4/fp/crtbegin.o
 .PPC.EMB.apuinfo
                0x00000030       0x18 ./Sources/main.o
 .PPC.EMB.apuinfo
                0x00000048       0x18 ./SDK/rtos/osif/osif_baremetal.o
 .PPC.EMB.apuinfo
                0x00000060       0x18 ./SDK/platform/drivers/src/pit/pit_hw_access.o
 .PPC.EMB.apuinfo
                0x00000078       0x18 ./SDK/platform/drivers/src/pit/pit_driver.o
 .PPC.EMB.apuinfo
                0x00000090       0x18 ./SDK/platform/drivers/src/pins/siul2/siul2_hw_access.o
 .PPC.EMB.apuinfo
                0x000000a8       0x18 ./SDK/platform/drivers/src/pins/siul2/pins_siul2_driver.o
 .PPC.EMB.apuinfo
                0x000000c0       0x18 ./SDK/platform/drivers/src/interrupt/interrupt_manager_MPC57xx.o
 .PPC.EMB.apuinfo
                0x000000d8       0x18 ./SDK/platform/drivers/src/flexcan/flexcan_irq.o
 .PPC.EMB.apuinfo
                0x000000f0       0x18 ./SDK/platform/drivers/src/flexcan/flexcan_hw_access.o
 .PPC.EMB.apuinfo
                0x00000108       0x18 ./SDK/platform/drivers/src/flexcan/flexcan_driver.o
 .PPC.EMB.apuinfo
                0x00000120       0x18 ./SDK/platform/drivers/src/edma/edma_irq.o
 .PPC.EMB.apuinfo
                0x00000138       0x18 ./SDK/platform/drivers/src/edma/edma_hw_access.o
 .PPC.EMB.apuinfo
                0x00000150       0x18 ./SDK/platform/drivers/src/edma/edma_driver.o
 .PPC.EMB.apuinfo
                0x00000168       0x18 ./SDK/platform/drivers/src/clock/MPC57xx/clock_MPC57xx.o
 .PPC.EMB.apuinfo
                0x00000180       0x18 ./SDK/platform/devices/startup.o
 .PPC.EMB.apuinfo
                0x00000198       0x18 ./SDK/platform/devices/MPC5748G/startup/system_MPC5748G.o
 .PPC.EMB.apuinfo
                0x000001b0       0x18 ./Project_Settings/Startup_Code/startup_MPC5748G.o
 .PPC.EMB.apuinfo
                0x000001c8       0x18 ./Project_Settings/Startup_Code/interrupt_vectors.o
 .PPC.EMB.apuinfo
                0x000001e0       0x1c ./Project_Settings/Startup_Code/core0_intc_sw_handlers.o
 .PPC.EMB.apuinfo
                0x000001fc       0x18 C:/NXP/S32DS_Power_v2017.R1/S32DS/e200_ewl2/lib/e200z4/fp\libc99.a(memcpy.o)
 .PPC.EMB.apuinfo
                0x00000214       0x18 c:/nxp/s32ds_power_v2017.r1/cross_tools/powerpc-eabivle-4_9/bin/../lib/gcc/powerpc-eabivle/4.9.4/e200z4/fp\libgcc.a(_udivdi3.o)
 .PPC.EMB.apuinfo
                0x0000022c       0x18 c:/nxp/s32ds_power_v2017.r1/cross_tools/powerpc-eabivle-4_9/bin/../lib/gcc/powerpc-eabivle/4.9.4/e200z4/fp\libgcc.a(eabivle.o)
 .PPC.EMB.apuinfo
                0x00000244       0x18 c:/nxp/s32ds_power_v2017.r1/cross_tools/powerpc-eabivle-4_9/bin/../lib/gcc/powerpc-eabivle/4.9.4/e200z4/fp/crtend.o
 .PPC.EMB.apuinfo
                0x0000025c       0x18 c:/nxp/s32ds_power_v2017.r1/cross_tools/powerpc-eabivle-4_9/bin/../lib/gcc/powerpc-eabivle/4.9.4/e200z4/fp/ecrtn.o

.debug_info     0x00000000    0x30ac1
 .debug_info    0x00000000     0x413d ./Sources/main.o
 .debug_info    0x0000413d     0x1c53 ./SDK/rtos/osif/osif_baremetal.o
 .debug_info    0x00005d90      0x1f9 ./SDK/platform/drivers/src/pit/pit_hw_access.o
 .debug_info    0x00005f89     0x23d4 ./SDK/platform/drivers/src/pit/pit_driver.o